Component: ARM Compiler 5.06 update 6 (build 750) Tool: armlink [4d35ed]

==============================================================================

Section Cross References

    startup_stm32f103xb.o(RESET) refers to startup_stm32f103xb.o(STACK) for __initial_sp
    startup_stm32f103xb.o(RESET) refers to startup_stm32f103xb.o(.text) for Reset_Handler
    startup_stm32f103xb.o(RESET) refers to stm32f1xx_it.o(i.NMI_Handler) for NMI_Handler
    startup_stm32f103xb.o(RESET) refers to stm32f1xx_it.o(i.HardFault_Handler) for HardFault_Handler
    startup_stm32f103xb.o(RESET) refers to stm32f1xx_it.o(i.MemManage_Handler) for MemManage_Handler
    startup_stm32f103xb.o(RESET) refers to stm32f1xx_it.o(i.BusFault_Handler) for BusFault_Handler
    startup_stm32f103xb.o(RESET) refers to stm32f1xx_it.o(i.UsageFault_Handler) for UsageFault_Handler
    startup_stm32f103xb.o(RESET) refers to stm32f1xx_it.o(i.SVC_Handler) for SVC_Handler
    startup_stm32f103xb.o(RESET) refers to stm32f1xx_it.o(i.DebugMon_Handler) for DebugMon_Handler
    startup_stm32f103xb.o(RESET) refers to stm32f1xx_it.o(i.PendSV_Handler) for PendSV_Handler
    startup_stm32f103xb.o(RESET) refers to stm32f1xx_it.o(i.SysTick_Handler) for SysTick_Handler
    startup_stm32f103xb.o(RESET) refers to stm32f1xx_it.o(i.TIM2_IRQHandler) for TIM2_IRQHandler
    startup_stm32f103xb.o(RESET) refers to stm32f1xx_it.o(i.USART1_IRQHandler) for USART1_IRQHandler
    startup_stm32f103xb.o(RESET) refers to stm32f1xx_it.o(i.EXTI15_10_IRQHandler) for EXTI15_10_IRQHandler
    startup_stm32f103xb.o(.text) refers to system_stm32f1xx.o(i.SystemInit) for SystemInit
    startup_stm32f103xb.o(.text) refers to entry.o(.ARM.Collect$$$$00000000) for __main
    fonts.o(i.FONTS_GetStringSize) refers to strlen.o(.text) for strlen
    fonts.o(.data) refers to fonts.o(.constdata) for Font7x10
    fonts.o(.data) refers to fonts.o(.constdata) for Font11x18
    fonts.o(.data) refers to fonts.o(.constdata) for Font16x26
    ssd1306.o(i.SSD1306_DrawCircle) refers to ssd1306.o(i.SSD1306_DrawPixel) for SSD1306_DrawPixel
    ssd1306.o(i.SSD1306_DrawFilledCircle) refers to ssd1306.o(i.SSD1306_DrawPixel) for SSD1306_DrawPixel
    ssd1306.o(i.SSD1306_DrawFilledCircle) refers to ssd1306.o(i.SSD1306_DrawLine) for SSD1306_DrawLine
    ssd1306.o(i.SSD1306_DrawFilledRectangle) refers to ssd1306.o(i.SSD1306_DrawLine) for SSD1306_DrawLine
    ssd1306.o(i.SSD1306_DrawFilledTriangle) refers to ssd1306.o(i.SSD1306_DrawLine) for SSD1306_DrawLine
    ssd1306.o(i.SSD1306_DrawLine) refers to ssd1306.o(i.SSD1306_DrawPixel) for SSD1306_DrawPixel
    ssd1306.o(i.SSD1306_DrawPixel) refers to ssd1306.o(.data) for .data
    ssd1306.o(i.SSD1306_DrawPixel) refers to ssd1306.o(.bss) for .bss
    ssd1306.o(i.SSD1306_DrawRectangle) refers to ssd1306.o(i.SSD1306_DrawLine) for SSD1306_DrawLine
    ssd1306.o(i.SSD1306_DrawTriangle) refers to ssd1306.o(i.SSD1306_DrawLine) for SSD1306_DrawLine
    ssd1306.o(i.SSD1306_Fill) refers to memseta.o(.text) for __aeabi_memset
    ssd1306.o(i.SSD1306_Fill) refers to ssd1306.o(.bss) for .bss
    ssd1306.o(i.SSD1306_GotoXY) refers to ssd1306.o(.data) for .data
    ssd1306.o(i.SSD1306_Init) refers to ssd1306.o(i.ssd1306_I2C_Init) for ssd1306_I2C_Init
    ssd1306.o(i.SSD1306_Init) refers to stm32f1xx_hal_i2c.o(i.HAL_I2C_IsDeviceReady) for HAL_I2C_IsDeviceReady
    ssd1306.o(i.SSD1306_Init) refers to ssd1306.o(i.ssd1306_I2C_Write) for ssd1306_I2C_Write
    ssd1306.o(i.SSD1306_Init) refers to ssd1306.o(i.SSD1306_Fill) for SSD1306_Fill
    ssd1306.o(i.SSD1306_Init) refers to ssd1306.o(i.SSD1306_UpdateScreen) for SSD1306_UpdateScreen
    ssd1306.o(i.SSD1306_Init) refers to main.o(.bss) for hi2c1
    ssd1306.o(i.SSD1306_Init) refers to ssd1306.o(.data) for .data
    ssd1306.o(i.SSD1306_OFF) refers to ssd1306.o(i.ssd1306_I2C_Write) for ssd1306_I2C_Write
    ssd1306.o(i.SSD1306_ON) refers to ssd1306.o(i.ssd1306_I2C_Write) for ssd1306_I2C_Write
    ssd1306.o(i.SSD1306_Putc) refers to ssd1306.o(i.SSD1306_DrawPixel) for SSD1306_DrawPixel
    ssd1306.o(i.SSD1306_Putc) refers to ssd1306.o(.data) for .data
    ssd1306.o(i.SSD1306_Puts) refers to ssd1306.o(i.SSD1306_Putc) for SSD1306_Putc
    ssd1306.o(i.SSD1306_ToggleInvert) refers to ssd1306.o(.data) for .data
    ssd1306.o(i.SSD1306_ToggleInvert) refers to ssd1306.o(.bss) for .bss
    ssd1306.o(i.SSD1306_UpdateScreen) refers to ssd1306.o(i.ssd1306_I2C_Write) for ssd1306_I2C_Write
    ssd1306.o(i.SSD1306_UpdateScreen) refers to ssd1306.o(i.ssd1306_I2C_WriteMulti) for ssd1306_I2C_WriteMulti
    ssd1306.o(i.SSD1306_UpdateScreen) refers to ssd1306.o(.bss) for .bss
    ssd1306.o(i.ssd1306_I2C_Write) refers to stm32f1xx_hal_i2c.o(i.HAL_I2C_Master_Transmit) for HAL_I2C_Master_Transmit
    ssd1306.o(i.ssd1306_I2C_Write) refers to main.o(.bss) for hi2c1
    ssd1306.o(i.ssd1306_I2C_WriteMulti) refers to malloc.o(i.malloc) for malloc
[...]
    Removing stm32f1xx_hal_tim_ex.o(i.HAL_TIMEx_OnePulseN_Stop_IT), (88 bytes).
    Removing stm32f1xx_hal_tim_ex.o(i.HAL_TIMEx_PWMN_Start), (36 bytes).
    Removing stm32f1xx_hal_tim_ex.o(i.HAL_TIMEx_PWMN_Start_DMA), (184 bytes).
    Removing stm32f1xx_hal_tim_ex.o(i.HAL_TIMEx_PWMN_Start_IT), (84 bytes).
    Removing stm32f1xx_hal_tim_ex.o(i.HAL_TIMEx_PWMN_Stop), (68 bytes).
    Removing stm32f1xx_hal_tim_ex.o(i.HAL_TIMEx_PWMN_Stop_DMA), (112 bytes).
    Removing stm32f1xx_hal_tim_ex.o(i.HAL_TIMEx_PWMN_Stop_IT), (122 bytes).
    Removing stm32f1xx_hal_tim_ex.o(i.TIMEx_DMACommutationCplt), (16 bytes).
    Removing stm32f1xx_hal_tim_ex.o(i.TIM_CCxNChannelCmd), (22 bytes).
    Removing stm32f1xx_hal_uart.o(.rev16_text), (4 bytes).
    Removing stm32f1xx_hal_uart.o(.revsh_text), (4 bytes).
    Removing stm32f1xx_hal_uart.o(.rrx_text), (6 bytes).
    Removing stm32f1xx_hal_uart.o(i.HAL_HalfDuplex_EnableReceiver), (50 bytes).
    Removing stm32f1xx_hal_uart.o(i.HAL_HalfDuplex_EnableTransmitter), (50 bytes).
    Removing stm32f1xx_hal_uart.o(i.HAL_HalfDuplex_Init), (108 bytes).
    Removing stm32f1xx_hal_uart.o(i.HAL_LIN_Init), (122 bytes).
    Removing stm32f1xx_hal_uart.o(i.HAL_LIN_SendBreak), (46 bytes).
    Removing stm32f1xx_hal_uart.o(i.HAL_MultiProcessor_EnterMuteMode), (46 bytes).
    Removing stm32f1xx_hal_uart.o(i.HAL_MultiProcessor_ExitMuteMode), (46 bytes).
    Removing stm32f1xx_hal_uart.o(i.HAL_MultiProcessor_Init), (130 bytes).
    Removing stm32f1xx_hal_uart.o(i.HAL_UART_Abort), (104 bytes).
    Removing stm32f1xx_hal_uart.o(i.HAL_UART_AbortCpltCallback), (2 bytes).
    Removing stm32f1xx_hal_uart.o(i.HAL_UART_AbortReceive), (68 bytes).
    Removing stm32f1xx_hal_uart.o(i.HAL_UART_AbortReceiveCpltCallback), (2 bytes).
    Removing stm32f1xx_hal_uart.o(i.HAL_UART_AbortReceive_IT), (92 bytes).
    Removing stm32f1xx_hal_uart.o(i.HAL_UART_AbortTransmit), (58 bytes).
    Removing stm32f1xx_hal_uart.o(i.HAL_UART_AbortTransmitCpltCallback), (2 bytes).
    Removing stm32f1xx_hal_uart.o(i.HAL_UART_AbortTransmit_IT), (84 bytes).
    Removing stm32f1xx_hal_uart.o(i.HAL_UART_Abort_IT), (172 bytes).
    Removing stm32f1xx_hal_uart.o(i.HAL_UART_DMAPause), (102 bytes).
    Removing stm32f1xx_hal_uart.o(i.HAL_UART_DMAResume), (94 bytes).
    Removing stm32f1xx_hal_uart.o(i.HAL_UART_DMAStop), (88 bytes).
    Removing stm32f1xx_hal_uart.o(i.HAL_UART_DeInit), (40 bytes).
    Removing stm32f1xx_hal_uart.o(i.HAL_UART_GetError), (4 bytes).
    Removing stm32f1xx_hal_uart.o(i.HAL_UART_GetState), (10 bytes).
    Removing stm32f1xx_hal_uart.o(i.HAL_UART_MspDeInit), (2 bytes).
    Removing stm32f1xx_hal_uart.o(i.HAL_UART_MspInit), (2 bytes).
    Removing stm32f1xx_hal_uart.o(i.HAL_UART_Receive), (184 bytes).
    Removing stm32f1xx_hal_uart.o(i.HAL_UART_Receive_DMA), (152 bytes).
    Removing stm32f1xx_hal_uart.o(i.HAL_UART_Receive_IT), (82 bytes).
    Removing stm32f1xx_hal_uart.o(i.HAL_UART_RxHalfCpltCallback), (2 bytes).
    Removing stm32f1xx_hal_uart.o(i.HAL_UART_Transmit), (186 bytes).
    Removing stm32f1xx_hal_uart.o(i.HAL_UART_Transmit_DMA), (128 bytes).
    Removing stm32f1xx_hal_uart.o(i.HAL_UART_Transmit_IT), (62 bytes).
    Removing stm32f1xx_hal_uart.o(i.HAL_UART_TxHalfCpltCallback), (2 bytes).
    Removing stm32f1xx_hal_uart.o(i.UART_DMAError), (74 bytes).
    Removing stm32f1xx_hal_uart.o(i.UART_DMAReceiveCplt), (60 bytes).
    Removing stm32f1xx_hal_uart.o(i.UART_DMARxAbortCallback), (42 bytes).
    Removing stm32f1xx_hal_uart.o(i.UART_DMARxHalfCplt), (10 bytes).
    Removing stm32f1xx_hal_uart.o(i.UART_DMARxOnlyAbortCallback), (20 bytes).
    Removing stm32f1xx_hal_uart.o(i.UART_DMATransmitCplt), (46 bytes).
    Removing stm32f1xx_hal_uart.o(i.UART_DMATxAbortCallback), (42 bytes).
    Removing stm32f1xx_hal_uart.o(i.UART_DMATxHalfCplt), (10 bytes).
    Removing stm32f1xx_hal_uart.o(i.UART_DMATxOnlyAbortCallback), (20 bytes).
    Removing stm32f1xx_hal_uart.o(i.UART_EndTxTransfer), (18 bytes).
    Removing stm32f1xx_hal_uart.o(i.UART_WaitOnFlagUntilTimeout), (100 bytes).
    Removing stm32f1xx_hal.o(.rev16_text), (4 bytes).
    Removing stm32f1xx_hal.o(.revsh_text), (4 bytes).
    Removing stm32f1xx_hal.o(.rrx_text), (6 bytes).
    Removing stm32f1xx_hal.o(i.HAL_DBGMCU_DisableDBGSleepMode), (16 bytes).
    Removing stm32f1xx_hal.o(i.HAL_DBGMCU_DisableDBGStandbyMode), (16 bytes).
    Removing stm32f1xx_hal.o(i.HAL_DBGMCU_DisableDBGStopMode), (16 bytes).
    Removing stm32f1xx_hal.o(i.HAL_DBGMCU_EnableDBGSleepMode), (16 bytes).
    Removing stm32f1xx_hal.o(i.HAL_DBGMCU_EnableDBGStandbyMode), (16 bytes).
    Removing stm32f1xx_hal.o(i.HAL_DBGMCU_EnableDBGStopMode), (16 bytes).
    Removing stm32f1xx_hal.o(i.HAL_DeInit), (32 bytes).
    Removing stm32f1xx_hal.o(i.HAL_Delay), (36 bytes).
    Removing stm32f1xx_hal.o(i.HAL_GetDEVID), (16 bytes).
    Removing stm32f1xx_hal.o(i.HAL_GetHalVersion), (8 bytes).
    Removing stm32f1xx_hal.o(i.HAL_GetREVID), (12 bytes).
    Removing stm32f1xx_hal.o(i.HAL_GetTickFreq), (12 bytes).
    Removing stm32f1xx_hal.o(i.HAL_GetTickPrio), (12 bytes).
    Removing stm32f1xx_hal.o(i.HAL_GetUID), (28 bytes).
    Removing stm32f1xx_hal.o(i.HAL_MspDeInit), (2 bytes).
    Removing stm32f1xx_hal.o(i.HAL_MspInit), (2 bytes).
    Removing stm32f1xx_hal.o(i.HAL_ResumeTick), (14 bytes).
    Removing stm32f1xx_hal.o(i.HAL_SetTickFreq), (28 bytes).
    Removing stm32f1xx_hal.o(i.HAL_SuspendTick), (14 bytes).
    Removing stm32f1xx_hal_rcc.o(.rev16_text), (4 bytes).
    Removing stm32f1xx_hal_rcc.o(.revsh_text), (4 bytes).
    Removing stm32f1xx_hal_rcc.o(.rrx_text), (6 bytes).
    Removing stm32f1xx_hal_rcc.o(i.HAL_RCC_CSSCallback), (2 bytes).
    Removing stm32f1xx_hal_rcc.o(i.HAL_RCC_DeInit), (216 bytes).
    Removing stm32f1xx_hal_rcc.o(i.HAL_RCC_DisableCSS), (12 bytes).
    Removing stm32f1xx_hal_rcc.o(i.HAL_RCC_EnableCSS), (12 bytes).
    Removing stm32f1xx_hal_rcc.o(i.HAL_RCC_GetClockConfig), (64 bytes).
    Removing stm32f1xx_hal_rcc.o(i.HAL_RCC_GetHCLKFreq), (12 bytes).
    Removing stm32f1xx_hal_rcc.o(i.HAL_RCC_GetOscConfig), (144 bytes).
    Removing stm32f1xx_hal_rcc.o(i.HAL_RCC_MCOConfig), (72 bytes).
    Removing stm32f1xx_hal_rcc.o(i.HAL_RCC_NMI_IRQHandler), (24 bytes).
    Removing stm32f1xx_hal_rcc_ex.o(.rev16_text), (4 bytes).
    Removing stm32f1xx_hal_rcc_ex.o(.revsh_text), (4 bytes).
    Removing stm32f1xx_hal_rcc_ex.o(.rrx_text), (6 bytes).
    Removing stm32f1xx_hal_rcc_ex.o(i.HAL_RCCEx_GetPeriphCLKConfig), (44 bytes).
    Removing stm32f1xx_hal_rcc_ex.o(i.HAL_RCCEx_GetPeriphCLKFreq), (200 bytes).
    Removing stm32f1xx_hal_gpio.o(.rev16_text), (4 bytes).
    Removing stm32f1xx_hal_gpio.o(.revsh_text), (4 bytes).
    Removing stm32f1xx_hal_gpio.o(.rrx_text), (6 bytes).
    Removing stm32f1xx_hal_gpio.o(i.HAL_GPIO_DeInit), (228 bytes).
    Removing stm32f1xx_hal_gpio.o(i.HAL_GPIO_EXTI_Callback), (2 bytes).
    Removing stm32f1xx_hal_gpio.o(i.HAL_GPIO_LockPin), (34 bytes).
    Removing stm32f1xx_hal_gpio.o(i.HAL_GPIO_TogglePin), (8 bytes).
    Removing stm32f1xx_hal_dma.o(.rev16_text), (4 bytes).
    Removing stm32f1xx_hal_dma.o(.revsh_text), (4 bytes).
    Removing stm32f1xx_hal_dma.o(.rrx_text), (6 bytes).
    Removing stm32f1xx_hal_dma.o(i.DMA_SetConfig), (42 bytes).
    Removing stm32f1xx_hal_dma.o(i.HAL_DMA_Abort), (48 bytes).
    Removing stm32f1xx_hal_dma.o(i.HAL_DMA_DeInit), (92 bytes).
    Removing stm32f1xx_hal_dma.o(i.HAL_DMA_GetError), (4 bytes).
    Removing stm32f1xx_hal_dma.o(i.HAL_DMA_GetState), (6 bytes).
    Removing stm32f1xx_hal_dma.o(i.HAL_DMA_IRQHandler), (340 bytes).
    Removing stm32f1xx_hal_dma.o(i.HAL_DMA_Init), (92 bytes).
    Removing stm32f1xx_hal_dma.o(i.HAL_DMA_PollForTransfer), (532 bytes).
    Removing stm32f1xx_hal_dma.o(i.HAL_DMA_RegisterCallback), (74 bytes).
    Removing stm32f1xx_hal_dma.o(i.HAL_DMA_Start), (80 bytes).
    Removing stm32f1xx_hal_dma.o(i.HAL_DMA_Start_IT), (112 bytes).
    Removing stm32f1xx_hal_dma.o(i.HAL_DMA_UnRegisterCallback), (82 bytes).
    Removing stm32f1xx_hal_cortex.o(.rev16_text), (4 bytes).
    Removing stm32f1xx_hal_cortex.o(.revsh_text), (4 bytes).
    Removing stm32f1xx_hal_cortex.o(.rrx_text), (6 bytes).
    Removing stm32f1xx_hal_cortex.o(i.HAL_NVIC_ClearPendingIRQ), (22 bytes).
    Removing stm32f1xx_hal_cortex.o(i.HAL_NVIC_DisableIRQ), (22 bytes).
    Removing stm32f1xx_hal_cortex.o(i.HAL_NVIC_GetActive), (32 bytes).
    Removing stm32f1xx_hal_cortex.o(i.HAL_NVIC_GetPendingIRQ), (32 bytes).
    Removing stm32f1xx_hal_cortex.o(i.HAL_NVIC_GetPriority), (82 bytes).
    Removing stm32f1xx_hal_cortex.o(i.HAL_NVIC_GetPriorityGrouping), (16 bytes).
    Removing stm32f1xx_hal_cortex.o(i.HAL_NVIC_SetPendingIRQ), (22 bytes).
    Removing stm32f1xx_hal_cortex.o(i.HAL_NVIC_SystemReset), (36 bytes).
    Removing stm32f1xx_hal_cortex.o(i.HAL_SYSTICK_CLKSourceConfig), (24 bytes).
    Removing stm32f1xx_hal_cortex.o(i.HAL_SYSTICK_Callback), (2 bytes).
    Removing stm32f1xx_hal_cortex.o(i.HAL_SYSTICK_IRQHandler), (8 bytes).
    Removing stm32f1xx_hal_pwr.o(.rev16_text), (4 bytes).
    Removing stm32f1xx_hal_pwr.o(.revsh_text), (4 bytes).
    Removing stm32f1xx_hal_pwr.o(.rrx_text), (6 bytes).
    Removing stm32f1xx_hal_pwr.o(i.HAL_PWR_ConfigPVD), (124 bytes).
    Removing stm32f1xx_hal_pwr.o(i.HAL_PWR_DeInit), (24 bytes).
    Removing stm32f1xx_hal_pwr.o(i.HAL_PWR_DisableBkUpAccess), (12 bytes).
    Removing stm32f1xx_hal_pwr.o(i.HAL_PWR_DisablePVD), (12 bytes).
    Removing stm32f1xx_hal_pwr.o(i.HAL_PWR_DisableSEVOnPend), (16 bytes).
    Removing stm32f1xx_hal_pwr.o(i.HAL_PWR_DisableSleepOnExit), (16 bytes).
    Removing stm32f1xx_hal_pwr.o(i.HAL_PWR_DisableWakeUpPin), (28 bytes).
    Removing stm32f1xx_hal_pwr.o(i.HAL_PWR_EnableBkUpAccess), (12 bytes).
    Removing stm32f1xx_hal_pwr.o(i.HAL_PWR_EnablePVD), (12 bytes).
    Removing stm32f1xx_hal_pwr.o(i.HAL_PWR_EnableSEVOnPend), (16 bytes).
    Removing stm32f1xx_hal_pwr.o(i.HAL_PWR_EnableSleepOnExit), (16 bytes).
    Removing stm32f1xx_hal_pwr.o(i.HAL_PWR_EnableWakeUpPin), (28 bytes).
    Removing stm32f1xx_hal_pwr.o(i.HAL_PWR_EnterSLEEPMode), (32 bytes).
    Removing stm32f1xx_hal_pwr.o(i.HAL_PWR_EnterSTANDBYMode), (32 bytes).
    Removing stm32f1xx_hal_pwr.o(i.HAL_PWR_EnterSTOPMode), (68 bytes).
    Removing stm32f1xx_hal_pwr.o(i.HAL_PWR_PVDCallback), (2 bytes).
    Removing stm32f1xx_hal_pwr.o(i.HAL_PWR_PVD_IRQHandler), (28 bytes).
    Removing stm32f1xx_hal_pwr.o(i.PWR_OverloadWfe), (6 bytes).
    Removing stm32f1xx_hal_flash.o(.rev16_text), (4 bytes).
    Removing stm32f1xx_hal_flash.o(.revsh_text), (4 bytes).
    Removing stm32f1xx_hal_flash.o(.rrx_text), (6 bytes).
    Removing stm32f1xx_hal_flash.o(i.FLASH_Program_HalfWord), (28 bytes).
    Removing stm32f1xx_hal_flash.o(i.FLASH_SetErrorCode), (92 bytes).
    Removing stm32f1xx_hal_flash.o(i.FLASH_WaitForLastOperation), (84 bytes).
    Removing stm32f1xx_hal_flash.o(i.HAL_FLASH_EndOfOperationCallback), (2 bytes).
    Removing stm32f1xx_hal_flash.o(i.HAL_FLASH_GetError), (12 bytes).
    Removing stm32f1xx_hal_flash.o(i.HAL_FLASH_IRQHandler), (264 bytes).
    Removing stm32f1xx_hal_flash.o(i.HAL_FLASH_Lock), (20 bytes).
    Removing stm32f1xx_hal_flash.o(i.HAL_FLASH_OB_Launch), (4 bytes).
    Removing stm32f1xx_hal_flash.o(i.HAL_FLASH_OB_Lock), (20 bytes).
    Removing stm32f1xx_hal_flash.o(i.HAL_FLASH_OB_Unlock), (36 bytes).
    Removing stm32f1xx_hal_flash.o(i.HAL_FLASH_OperationErrorCallback), (2 bytes).
    Removing stm32f1xx_hal_flash.o(i.HAL_FLASH_Program), (128 bytes).
    Removing stm32f1xx_hal_flash.o(i.HAL_FLASH_Program_IT), (100 bytes).
    Removing stm32f1xx_hal_flash.o(i.HAL_FLASH_Unlock), (40 bytes).
    Removing stm32f1xx_hal_flash.o(.bss), (32 bytes).
    Removing stm32f1xx_hal_flash_ex.o(.rev16_text), (4 bytes).
    Removing stm32f1xx_hal_flash_ex.o(.revsh_text), (4 bytes).
    Removing stm32f1xx_hal_flash_ex.o(.rrx_text), (6 bytes).
    Removing stm32f1xx_hal_flash_ex.o(i.FLASH_MassErase), (36 bytes).
    Removing stm32f1xx_hal_flash_ex.o(i.FLASH_OB_DisableWRP), (176 bytes).
    Removing stm32f1xx_hal_flash_ex.o(i.FLASH_OB_EnableWRP), (176 bytes).
    Removing stm32f1xx_hal_flash_ex.o(i.FLASH_OB_GetRDP), (24 bytes).
    Removing stm32f1xx_hal_flash_ex.o(i.FLASH_OB_RDP_LevelConfig), (100 bytes).
    Removing stm32f1xx_hal_flash_ex.o(i.FLASH_PageErase), (36 bytes).
    Removing stm32f1xx_hal_flash_ex.o(i.HAL_FLASHEx_Erase), (168 bytes).
    Removing stm32f1xx_hal_flash_ex.o(i.HAL_FLASHEx_Erase_IT), (84 bytes).
    Removing stm32f1xx_hal_flash_ex.o(i.HAL_FLASHEx_OBErase), (84 bytes).
    Removing stm32f1xx_hal_flash_ex.o(i.HAL_FLASHEx_OBGetConfig), (36 bytes).
    Removing stm32f1xx_hal_flash_ex.o(i.HAL_FLASHEx_OBGetUserData), (32 bytes).
    Removing stm32f1xx_hal_flash_ex.o(i.HAL_FLASHEx_OBProgram), (200 bytes).
    Removing system_stm32f1xx.o(.rev16_text), (4 bytes).
    Removing system_stm32f1xx.o(.revsh_text), (4 bytes).
    Removing system_stm32f1xx.o(.rrx_text), (6 bytes).
    Removing system_stm32f1xx.o(i.SystemCoreClockUpdate), (104 bytes).

525 unused section(s) (total 44507 bytes) removed from the image.

==============================================================================

Image Symbol Table

    Local Symbols

    Symbol Name                              Value     Ov Type        Size  Object(Section)

    ../Drivers/STM32F1xx_HAL_Driver/Src/stm32f1xx_hal.c 0x00000000   Number         0  stm32f1xx_hal.o ABSOLUTE
    ../Drivers/STM32F1xx_HAL_Driver/Src/stm32f1xx_hal_adc.c 0x00000000   Number         0  stm32f1xx_hal_adc.o ABSOLUTE
    ../Drivers/STM32F1xx_HAL_Driver/Src/stm32f1xx_hal_adc_ex.c 0x00000000   Number         0  stm32f1xx_hal_adc_ex.o ABSOLUTE
    ../Drivers/STM32F1xx_HAL_Driver/Src/stm32f1xx_hal_cortex.c 0x00000000   Number         0  stm32f1xx_hal_cortex.o ABSOLUTE
    ../Drivers/STM32F1xx_HAL_Driver/Src/stm32f1xx_hal_dma.c 0x00000000   Number         0  stm32f1xx_hal_dma.o ABSOLUTE
    ../Drivers/STM32F1xx_HAL_Driver/Src/stm32f1xx_hal_flash.c 0x00000000   Number         0  stm32f1xx_hal_flash.o ABSOLUTE
    ../Drivers/STM32F1xx_HAL_Driver/Src/stm32f1xx_hal_flash_ex.c 0x00000000   Number         0  stm32f1xx_hal_flash_ex.o ABSOLUTE
    ../Drivers/STM32F1xx_HAL_Driver/Src/stm32f1xx_hal_gpio.c 0x00000000   Number         0  stm32f1xx_hal_gpio.o ABSOLUTE
    ../Drivers/STM32F1xx_HAL_Driver/Src/stm32f1xx_hal_gpio_ex.c 0x00000000   Number         0  stm32f1xx_hal_gpio_ex.o ABSOLUTE
    ../Drivers/STM32F1xx_HAL_Driver/Src/stm32f1xx_hal_i2c.c 0x00000000   Number         0  stm32f1xx_hal_i2c.o ABSOLUTE
    ../Drivers/STM32F1xx_HAL_Driver/Src/stm32f1xx_hal_pwr.c 0x00000000   Number         0  stm32f1xx_hal_pwr.o ABSOLUTE
    ../Drivers/STM32F1xx_HAL_Driver/Src/stm32f1xx_hal_rcc.c 0x00000000   Number         0  stm32f1xx_hal_rcc.o ABSOLUTE
    ../Drivers/STM32F1xx_HAL_Driver/Src/stm32f1xx_hal_rcc_ex.c 0x00000000   Number         0  stm32f1xx_hal_rcc_ex.o ABSOLUTE
    ../Drivers/STM32F1xx_HAL_Driver/Src/stm32f1xx_hal_spi.c 0x00000000   Number         0  stm32f1xx_hal_spi.o ABSOLUTE
    ../Drivers/STM32F1xx_HAL_Driver/Src/stm32f1xx_hal_spi_ex.c 0x00000000   Number         0  stm32f1xx_hal_spi_ex.o ABSOLUTE
    ../Drivers/STM32F1xx_HAL_Driver/Src/stm32f1xx_hal_tim.c 0x00000000   Number         0  stm32f1xx_hal_tim.o ABSOLUTE
    ../Drivers/STM32F1xx_HAL_Driver/Src/stm32f1xx_hal_tim_ex.c 0x00000000   Number         0  stm32f1xx_hal_tim_ex.o ABSOLUTE
    ../Drivers/STM32F1xx_HAL_Driver/Src/stm32f1xx_hal_uart.c 0x00000000   Number         0  stm32f1xx_hal_uart.o ABSOLUTE
    ../Src/main.c                            0x00000000   Number         0  main.o ABSOLUTE
    ../Src/stm32f1xx_hal_msp.c               0x00000000   Number         0  stm32f1xx_hal_msp.o ABSOLUTE
    ../Src/stm32f1xx_it.c                    0x00000000   Number         0  stm32f1xx_it.o ABSOLUTE
    ../Src/system_stm32f1xx.c                0x00000000   Number         0  system_stm32f1xx.o ABSOLUTE
    ../clib/microlib/division.c              0x00000000   Number         0  uldiv.o ABSOLUTE
    ../clib/microlib/division.c              0x00000000   Number         0  uidiv.o ABSOLUTE
    ../clib/microlib/init/entry.s            0x00000000   Number         0  entry10a.o ABSOLUTE
    ../clib/microlib/init/entry.s            0x00000000   Number         0  entry.o ABSOLUTE
    ../clib/microlib/init/entry.s            0x00000000   Number         0  entry2.o ABSOLUTE
    ../clib/microlib/init/entry.s            0x00000000   Number         0  entry7a.o ABSOLUTE
    ../clib/microlib/init/entry.s            0x00000000   Number         0  entry5.o ABSOLUTE
    ../clib/microlib/init/entry.s            0x00000000   Number         0  entry11b.o ABSOLUTE
    ../clib/microlib/init/entry.s            0x00000000   Number         0  entry7b.o ABSOLUTE
    ../clib/microlib/init/entry.s            0x00000000   Number         0  entry9b.o ABSOLUTE
    ../clib/microlib/init/entry.s            0x00000000   Number         0  entry8b.o ABSOLUTE
    ../clib/microlib/init/entry.s            0x00000000   Number         0  entry8a.o ABSOLUTE
    ../clib/microlib/init/entry.s            0x00000000   Number         0  entry11a.o ABSOLUTE
    ../clib/microlib/init/entry.s            0x00000000   Number         0  entry9a.o ABSOLUTE
    ../clib/microlib/init/entry.s            0x00000000   Number         0  entry10b.o ABSOLUTE
    ../clib/microlib/longlong.c              0x00000000   Number         0  llshl.o ABSOLUTE
    ../clib/microlib/longlong.c              0x00000000   Number         0  llsshr.o ABSOLUTE
    ../clib/microlib/longlong.c              0x00000000   Number         0  llushr.o ABSOLUTE
    ../clib/microlib/malloc/malloc.c         0x00000000   Number         0  mallocr.o ABSOLUTE
    ../clib/microlib/malloc/malloc.c         0x00000000   Number         0  malloc.o ABSOLUTE
    ../clib/microlib/malloc/malloc.c         0x00000000   Number         0  malloca.o ABSOLUTE
    ../clib/microlib/malloc/malloc.c         0x00000000   Number         0  mallocra.o ABSOLUTE
    ../clib/microlib/malloc/mvars.c          0x00000000   Number         0  mvars.o ABSOLUTE
    ../clib/microlib/printf/printf.c         0x00000000   Number         0  printf7.o ABSOLUTE
    ../clib/microlib/printf/printf.c         0x00000000   Number         0  printf6.o ABSOLUTE
    ../clib/microlib/printf/printf.c         0x00000000   Number         0  printf4.o ABSOLUTE
    ../clib/microlib/printf/printf.c         0x00000000   Number         0  printf5.o ABSOLUTE
    ../clib/microlib/printf/printf.c         0x00000000   Number         0  printfb.o ABSOLUTE
    ../clib/microlib/printf/printf.c         0x00000000   Number         0  printf1.o ABSOLUTE
    ../clib/microlib/printf/printf.c         0x00000000   Number         0  printf3.o ABSOLUTE
    ../clib/microlib/printf/printf.c         0x00000000   Number         0  printf2.o ABSOLUTE
    ../clib/microlib/printf/printf.c         0x00000000   Number         0  printf0.o ABSOLUTE
    ../clib/microlib/printf/printf.c         0x00000000   Number         0  printf8.o ABSOLUTE
    ../clib/microlib/printf/printf.c         0x00000000   Number         0  printfa.o ABSOLUTE
    ../clib/microlib/printf/stubs.s          0x00000000   Number         0  stubs.o ABSOLUTE
    ../clib/microlib/stdio/fputc.c           0x00000000   Number         0  fputc.o ABSOLUTE
    ../clib/microlib/stdio/semi.s            0x00000000   Number         0  semi.o ABSOLUTE
    ../clib/microlib/stdio/streams.c         0x00000000   Number         0  stdout.o ABSOLUTE
    ../clib/microlib/string/memcpy.c         0x00000000   Number         0  memcpyb.o ABSOLUTE
    ../clib/microlib/string/memcpy.c         0x00000000   Number         0  memcpya.o ABSOLUTE
    ../clib/microlib/string/memset.c         0x00000000   Number         0  memseta.o ABSOLUTE
    ../clib/microlib/string/strlen.c         0x00000000   Number         0  strlen.o ABSOLUTE
    ../clib/microlib/stubs.s                 0x00000000   Number         0  iusefp.o ABSOLUTE
    ../clib/microlib/stubs.s                 0x00000000   Number         0  iusesemip.o ABSOLUTE
    ../fplib/microlib/f2d.c                  0x00000000   Number         0  f2d.o ABSOLUTE
    ../fplib/microlib/fpadd.c                0x00000000   Number         0  dadd.o ABSOLUTE
    ../fplib/microlib/fpadd.c                0x00000000   Number         0  fadd.o ABSOLUTE
    ../fplib/microlib/fpdiv.c                0x00000000   Number         0  ddiv.o ABSOLUTE
    ../fplib/microlib/fpepilogue.c           0x00000000   Number         0  fepilogue.o ABSOLUTE
    ../fplib/microlib/fpepilogue.c           0x00000000   Number         0  depilogue.o ABSOLUTE
    ../fplib/microlib/fpfix.c                0x00000000   Number         0  dfixul.o ABSOLUTE
    ../fplib/microlib/fpmul.c                0x00000000   Number         0  dmul.o ABSOLUTE
    ..\Drivers\STM32F1xx_HAL_Driver\Src\stm32f1xx_hal.c 0x00000000   Number         0  stm32f1xx_hal.o ABSOLUTE
    ..\Drivers\STM32F1xx_HAL_Driver\Src\stm32f1xx_hal_adc.c 0x00000000   Number         0  stm32f1xx_hal_adc.o ABSOLUTE
    ..\Drivers\STM32F1xx_HAL_Driver\Src\stm32f1xx_hal_adc_ex.c 0x00000000   Number         0  stm32f1xx_hal_adc_ex.o ABSOLUTE
    ..\Drivers\STM32F1xx_HAL_Driver\Src\stm32f1xx_hal_cortex.c 0x00000000   Number         0  stm32f1xx_hal_cortex.o ABSOLUTE
    ..\Drivers\STM32F1xx_HAL_Driver\Src\stm32f1xx_hal_dma.c 0x00000000   Number         0  stm32f1xx_hal_dma.o ABSOLUTE
    ..\Drivers\STM32F1xx_HAL_Driver\Src\stm32f1xx_hal_flash.c 0x00000000   Number         0  stm32f1xx_hal_flash.o ABSOLUTE
    ..\Drivers\STM32F1xx_HAL_Driver\Src\stm32f1xx_hal_flash_ex.c 0x00000000   Number         0  stm32f1xx_hal_flash_ex.o ABSOLUTE
    ..\Drivers\STM32F1xx_HAL_Driver\Src\stm32f1xx_hal_gpio.c 0x00000000   Number         0  stm32f1xx_hal_gpio.o ABSOLUTE
    ..\Drivers\STM32F1xx_HAL_Driver\Src\stm32f1xx_hal_gpio_ex.c 0x00000000   Number         0  stm32f1xx_hal_gpio_ex.o ABSOLUTE
    ..\Drivers\STM32F1xx_HAL_Driver\Src\stm32f1xx_hal_i2c.c 0x00000000   Number         0  stm32f1xx_hal_i2c.o ABSOLUTE
    ..\Drivers\STM32F1xx_HAL_Driver\Src\stm32f1xx_hal_pwr.c 0x00000000   Number         0  stm32f1xx_hal_pwr.o ABSOLUTE
    ..\Drivers\STM32F1xx_HAL_Driver\Src\stm32f1xx_hal_rcc.c 0x00000000   Number         0  stm32f1xx_hal_rcc.o ABSOLUTE
    ..\Drivers\STM32F1xx_HAL_Driver\Src\stm32f1xx_hal_rcc_ex.c 0x00000000   Number         0  stm32f1xx_hal_rcc_ex.o ABSOLUTE
    ..\Drivers\STM32F1xx_HAL_Driver\Src\stm32f1xx_hal_spi.c 0x00000000   Number         0  stm32f1xx_hal_spi.o ABSOLUTE
    ..\Drivers\STM32F1xx_HAL_Driver\Src\stm32f1xx_hal_spi_ex.c 0x00000000   Number         0  stm32f1xx_hal_spi_ex.o ABSOLUTE
    ..\Drivers\STM32F1xx_HAL_Driver\Src\stm32f1xx_hal_tim.c 0x00000000   Number         0  stm32f1xx_hal_tim.o ABSOLUTE
    ..\Drivers\STM32F1xx_HAL_Driver\Src\stm32f1xx_hal_tim_ex.c 0x00000000   Number         0  stm32f1xx_hal_tim_ex.o ABSOLUTE
    ..\Drivers\STM32F1xx_HAL_Driver\Src\stm32f1xx_hal_uart.c 0x00000000   Number         0  stm32f1xx_hal_uart.o ABSOLUTE
    ..\Src\fonts.c                           0x00000000   Number         0  fonts.o ABSOLUTE
    ..\Src\main.c                            0x00000000   Number         0  main.o ABSOLUTE
    ..\Src\ssd1306.c                         0x00000000   Number         0  ssd1306.o ABSOLUTE
    ..\Src\stm32f1xx_hal_msp.c               0x00000000   Number         0  stm32f1xx_hal_msp.o ABSOLUTE
    ..\Src\stm32f1xx_it.c                    0x00000000   Number         0  stm32f1xx_it.o ABSOLUTE
    ..\Src\system_stm32f1xx.c                0x00000000   Number         0  system_stm32f1xx.o ABSOLUTE
    ..\\Src\\fonts.c                         0x00000000   Number         0  fonts.o ABSOLUTE
    ..\\Src\\ssd1306.c                       0x00000000   Number         0  ssd1306.o ABSOLUTE
    cdrcmple.s                               0x00000000   Number         0  cdrcmple.o ABSOLUTE
    dc.s                                     0x00000000   Number         0  dc.o ABSOLUTE
    handlers.s                               0x00000000   Number         0  handlers.o ABSOLUTE
    init.s                                   0x00000000   Number         0  init.o ABSOLUTE
    startup_stm32f103xb.s                    0x00000000   Number         0  startup_stm32f103xb.o ABSOLUTE
    RESET                                    0x08000000   Section      236  startup_stm32f103xb.o(RESET)
    .ARM.Collect$$$$00000000                 0x080000ec   Section        0  entry.o(.ARM.Collect$$$$00000000)
    .ARM.Collect$$$$00000001                 0x080000ec   Section        4  entry2.o(.ARM.Collect$$$$00000001)
    .ARM.Collect$$$$00000004                 0x080000f0   Section        4  entry5.o(.ARM.Collect$$$$00000004)
    .ARM.Collect$$$$00000008                 0x080000f4   Section        0  entry7b.o(.ARM.Collect$$$$00000008)
    .ARM.Collect$$$$0000000A                 0x080000f4   Section        0  entry8b.o(.ARM.Collect$$$$0000000A)
    .ARM.Collect$$$$0000000B                 0x080000f4   Section        8  entry9a.o(.ARM.Collect$$$$0000000B)
    .ARM.Collect$$$$0000000D                 0x080000fc   Section        0  entry10a.o(.ARM.Collect$$$$0000000D)
    .ARM.Collect$$$$0000000F                 0x080000fc   Section        0  entry11a.o(.ARM.Collect$$$$0000000F)
    .ARM.Collect$$$$00002712                 0x080000fc   Section        4  entry2.o(.ARM.Collect$$$$00002712)
    __lit__00000000                          0x080000fc   Data           4  entry2.o(.ARM.Collect$$$$00002712)
    .text                                    0x08000100   Section       36  startup_stm32f103xb.o(.text)
    .text                                    0x08000124   Section        0  llushr.o(.text)
    .text                                    0x08000144   Section        0  memseta.o(.text)
    .text                                    0x08000168   Section        0  fadd.o(.text)
    .text                                    0x08000218   Section        0  f2d.o(.text)
    .text                                    0x0800023e   Section        0  uidiv.o(.text)
    .text                                    0x0800026a   Section        0  uldiv.o(.text)
    .text                                    0x080002cc   Section        0  fepilogue.o(.text)
    .text                                    0x080002cc   Section        0  iusefp.o(.text)
    .text                                    0x0800033a   Section        0  dadd.o(.text)
    .text                                    0x08000488   Section        0  dmul.o(.text)
    .text                                    0x0800056c   Section        0  ddiv.o(.text)
    .text                                    0x0800064a   Section        0  dfixul.o(.text)
    .text                                    0x0800067c   Section       48  cdrcmple.o(.text)
    .text                                    0x080006ac   Section       36  init.o(.text)
    .text                                    0x080006d0   Section        0  llshl.o(.text)
    .text                                    0x080006ee   Section        0  llsshr.o(.text)
    .text                                    0x08000712   Section        0  depilogue.o(.text)
    i.ADC_ConversionStop_Disable             0x080007cc   Section        0  stm32f1xx_hal_adc.o(i.ADC_ConversionStop_Disable)
    i.BusFault_Handler                       0x08000818   Section        0  stm32f1xx_it.o(i.BusFault_Handler)
    i.DebugMon_Handler                       0x0800081a   Section        0  stm32f1xx_it.o(i.DebugMon_Handler)
    i.EXTI15_10_IRQHandler                   0x0800081c   Section        0  stm32f1xx_it.o(i.EXTI15_10_IRQHandler)
    i.HAL_ADC_ConfigChannel                  0x08000854   Section        0  stm32f1xx_hal_adc.o(i.HAL_ADC_ConfigChannel)
    i.HAL_ADC_Init                           0x08000950   Section        0  stm32f1xx_hal_adc.o(i.HAL_ADC_Init)
    i.HAL_ADC_MspInit                        0x08000a6c   Section        0  stm32f1xx_hal_msp.o(i.HAL_ADC_MspInit)
    i.HAL_DMA_Abort_IT                       0x08000ac4   Section        0  stm32f1xx_hal_dma.o(i.HAL_DMA_Abort_IT)
    i.HAL_GPIO_EXTI_Callback                 0x08000b5c   Section        0  main.o(i.HAL_GPIO_EXTI_Callback)
    i.HAL_GPIO_EXTI_IRQHandler               0x08000e04   Section        0  stm32f1xx_hal_gpio.o(i.HAL_GPIO_EXTI_IRQHandler)
    i.HAL_GPIO_Init                          0x08000e1c   Section        0  stm32f1xx_hal_gpio.o(i.HAL_GPIO_Init)
    i.HAL_GPIO_ReadPin                       0x08000fd8   Section        0  stm32f1xx_hal_gpio.o(i.HAL_GPIO_ReadPin)
    i.HAL_GPIO_WritePin                      0x08000fe2   Section        0  stm32f1xx_hal_gpio.o(i.HAL_GPIO_WritePin)
    i.HAL_GetTick                            0x08000fec   Section        0  stm32f1xx_hal.o(i.HAL_GetTick)
    i.HAL_I2C_Init                           0x08000ff8   Section        0  stm32f1xx_hal_i2c.o(i.HAL_I2C_Init)
    i.HAL_I2C_IsDeviceReady                  0x08001138   Section        0  stm32f1xx_hal_i2c.o(i.HAL_I2C_IsDeviceReady)
    i.HAL_I2C_Master_Transmit                0x08001298   Section        0  stm32f1xx_hal_i2c.o(i.HAL_I2C_Master_Transmit)
    i.HAL_I2C_MspInit                        0x080013d0   Section        0  stm32f1xx_hal_msp.o(i.HAL_I2C_MspInit)
    i.HAL_IncTick                            0x0800142c   Section        0  stm32f1xx_hal.o(i.HAL_IncTick)
    i.HAL_Init                               0x0800143c   Section        0  stm32f1xx_hal.o(i.HAL_Init)
    i.HAL_InitTick                           0x08001460   Section        0  stm32f1xx_hal.o(i.HAL_InitTick)
    i.HAL_MspInit                            0x080014a0   Section        0  stm32f1xx_hal_msp.o(i.HAL_MspInit)
    i.HAL_NVIC_EnableIRQ                     0x080014dc   Section        0  stm32f1xx_hal_cortex.o(i.HAL_NVIC_EnableIRQ)
    i.HAL_NVIC_SetPriority                   0x080014f4   Section        0  stm32f1xx_hal_cortex.o(i.HAL_NVIC_SetPriority)
    i.HAL_NVIC_SetPriorityGrouping           0x08001534   Section        0  stm32f1xx_hal_cortex.o(i.HAL_NVIC_SetPriorityGrouping)
    i.HAL_RCCEx_PeriphCLKConfig              0x08001558   Section        0  stm32f1xx_hal_rcc_ex.o(i.HAL_RCCEx_PeriphCLKConfig)
    i.HAL_RCC_ClockConfig                    0x08001644   Section        0  stm32f1xx_hal_rcc.o(i.HAL_RCC_ClockConfig)
    i.HAL_RCC_GetPCLK1Freq                   0x080017b0   Section        0  stm32f1xx_hal_rcc.o(i.HAL_RCC_GetPCLK1Freq)
    i.HAL_RCC_GetPCLK2Freq                   0x080017d0   Section        0  stm32f1xx_hal_rcc.o(i.HAL_RCC_GetPCLK2Freq)
    i.HAL_RCC_GetSysClockFreq                0x080017f0   Section        0  stm32f1xx_hal_rcc.o(i.HAL_RCC_GetSysClockFreq)
    i.HAL_RCC_OscConfig                      0x0800185c   Section        0  stm32f1xx_hal_rcc.o(i.HAL_RCC_OscConfig)
    i.HAL_SPI_Init                           0x08001b60   Section        0  stm32f1xx_hal_spi_ex.o(i.HAL_SPI_Init)
    i.HAL_SPI_MspInit                        0x08001be4   Section        0  stm32f1xx_hal_msp.o(i.HAL_SPI_MspInit)
    i.HAL_SYSTICK_Config                     0x08001c54   Section        0  stm32f1xx_hal_cortex.o(i.HAL_SYSTICK_Config)
    i.HAL_TIMEx_BreakCallback                0x08001c7c   Section        0  stm32f1xx_hal_tim_ex.o(i.HAL_TIMEx_BreakCallback)
    i.HAL_TIMEx_CommutationCallback          0x08001c7e   Section        0  stm32f1xx_hal_tim_ex.o(i.HAL_TIMEx_CommutationCallback)
    i.HAL_TIMEx_MasterConfigSynchronization  0x08001c80   Section        0  stm32f1xx_hal_tim_ex.o(i.HAL_TIMEx_MasterConfigSynchronization)
    i.HAL_TIM_Base_Init                      0x08001cd0   Section        0  stm32f1xx_hal_tim.o(i.HAL_TIM_Base_Init)
    i.HAL_TIM_Base_MspInit                   0x08001d08   Section        0  stm32f1xx_hal_msp.o(i.HAL_TIM_Base_MspInit)
    i.HAL_TIM_Base_Start_IT                  0x08001d40   Section        0  stm32f1xx_hal_tim.o(i.HAL_TIM_Base_Start_IT)
    i.HAL_TIM_Base_Stop_IT                   0x08001d58   Section        0  stm32f1xx_hal_tim.o(i.HAL_TIM_Base_Stop_IT)
    i.HAL_TIM_ConfigClockSource              0x08001d82   Section        0  stm32f1xx_hal_tim.o(i.HAL_TIM_ConfigClockSource)
    i.HAL_TIM_IC_CaptureCallback             0x08001e74   Section        0  stm32f1xx_hal_tim.o(i.HAL_TIM_IC_CaptureCallback)
    i.HAL_TIM_IRQHandler                     0x08001e76   Section        0  stm32f1xx_hal_tim.o(i.HAL_TIM_IRQHandler)
    i.HAL_TIM_OC_DelayElapsedCallback        0x08001fdc   Section        0  stm32f1xx_hal_tim.o(i.HAL_TIM_OC_DelayElapsedCallback)
    i.HAL_TIM_PWM_PulseFinishedCallback      0x08001fde   Section        0  stm32f1xx_hal_tim.o(i.HAL_TIM_PWM_PulseFinishedCallback)
    i.HAL_TIM_PeriodElapsedCallback          0x08001fe0   Section        0  main.o(i.HAL_TIM_PeriodElapsedCallback)
    i.HAL_TIM_TriggerCallback                0x0800206c   Section        0  stm32f1xx_hal_tim.o(i.HAL_TIM_TriggerCallback)
    i.HAL_UART_ErrorCallback                 0x0800206e   Section        0  stm32f1xx_hal_uart.o(i.HAL_UART_ErrorCallback)
    i.HAL_UART_IRQHandler                    0x08002070   Section        0  stm32f1xx_hal_uart.o(i.HAL_UART_IRQHandler)
    i.HAL_UART_Init                          0x08002180   Section        0  stm32f1xx_hal_uart.o(i.HAL_UART_Init)
    i.HAL_UART_MspInit                       0x080021e4   Section        0  stm32f1xx_hal_msp.o(i.HAL_UART_MspInit)
    i.HAL_UART_RxCpltCallback                0x08002264   Section        0  stm32f1xx_hal_uart.o(i.HAL_UART_RxCpltCallback)
    i.HAL_UART_TxCpltCallback                0x08002266   Section        0  stm32f1xx_hal_uart.o(i.HAL_UART_TxCpltCallback)
    i.HardFault_Handler                      0x08002268   Section        0  stm32f1xx_it.o(i.HardFault_Handler)
    i.I2C_IsAcknowledgeFailed                0x0800226a   Section        0  stm32f1xx_hal_i2c.o(i.I2C_IsAcknowledgeFailed)
    I2C_IsAcknowledgeFailed                  0x0800226b   Thumb Code    40  stm32f1xx_hal_i2c.o(i.I2C_IsAcknowledgeFailed)
    i.I2C_MasterRequestWrite                 0x08002294   Section        0  stm32f1xx_hal_i2c.o(i.I2C_MasterRequestWrite)
    I2C_MasterRequestWrite                   0x08002295   Thumb Code   142  stm32f1xx_hal_i2c.o(i.I2C_MasterRequestWrite)
    i.I2C_WaitOnBTFFlagUntilTimeout          0x08002328   Section        0  stm32f1xx_hal_i2c.o(i.I2C_WaitOnBTFFlagUntilTimeout)
    I2C_WaitOnBTFFlagUntilTimeout            0x08002329   Thumb Code    78  stm32f1xx_hal_i2c.o(i.I2C_WaitOnBTFFlagUntilTimeout)
    i.I2C_WaitOnFlagUntilTimeout             0x08002376   Section        0  stm32f1xx_hal_i2c.o(i.I2C_WaitOnFlagUntilTimeout)
    I2C_WaitOnFlagUntilTimeout               0x08002377   Thumb Code    96  stm32f1xx_hal_i2c.o(i.I2C_WaitOnFlagUntilTimeout)
    i.I2C_WaitOnMasterAddressFlagUntilTimeout 0x080023d8   Section        0  stm32f1xx_hal_i2c.o(i.I2C_WaitOnMasterAddressFlagUntilTimeout)
    I2C_WaitOnMasterAddressFlagUntilTimeout  0x080023d9   Thumb Code   136  stm32f1xx_hal_i2c.o(i.I2C_WaitOnMasterAddressFlagUntilTimeout)
    i.I2C_WaitOnTXEFlagUntilTimeout          0x08002460   Section        0  stm32f1xx_hal_i2c.o(i.I2C_WaitOnTXEFlagUntilTimeout)
    I2C_WaitOnTXEFlagUntilTimeout            0x08002461   Thumb Code    78  stm32f1xx_hal_i2c.o(i.I2C_WaitOnTXEFlagUntilTimeout)
    i.MX_ADC1_Init                           0x080024b0   Section        0  main.o(i.MX_ADC1_Init)
    MX_ADC1_Init                             0x080024b1   Thumb Code    54  main.o(i.MX_ADC1_Init)
    i.MX_GPIO_Init                           0x080024f0   Section        0  main.o(i.MX_GPIO_Init)
    MX_GPIO_Init                             0x080024f1   Thumb Code   228  main.o(i.MX_GPIO_Init)
    i.MX_SPI1_Init                           0x080025e8   Section        0  main.o(i.MX_SPI1_Init)
    MX_SPI1_Init                             0x080025e9   Thumb Code    44  main.o(i.MX_SPI1_Init)
    i.MX_TIM2_Init                           0x0800261c   Section        0  main.o(i.MX_TIM2_Init)
    MX_TIM2_Init                             0x0800261d   Thumb Code    78  main.o(i.MX_TIM2_Init)
    i.MemManage_Handler                      0x08002670   Section        0  stm32f1xx_it.o(i.MemManage_Handler)
    i.NMI_Handler                            0x08002672   Section        0  stm32f1xx_it.o(i.NMI_Handler)
    i.NVIC_SetPriority                       0x08002674   Section        0  stm32f1xx_hal_cortex.o(i.NVIC_SetPriority)
    NVIC_SetPriority                         0x08002675   Thumb Code    32  stm32f1xx_hal_cortex.o(i.NVIC_SetPriority)
    i.PendSV_Handler                         0x08002694   Section        0  stm32f1xx_it.o(i.PendSV_Handler)
    i.SSD1306_DrawPixel                      0x08002698   Section        0  ssd1306.o(i.SSD1306_DrawPixel)
    i.SSD1306_Fill                           0x080026d8   Section        0  ssd1306.o(i.SSD1306_Fill)
    i.SSD1306_GotoXY                         0x080026f0   Section        0  ssd1306.o(i.SSD1306_GotoXY)
    i.SSD1306_Init                           0x080026fc   Section        0  ssd1306.o(i.SSD1306_Init)
    i.SSD1306_Putc                           0x08002858   Section        0  ssd1306.o(i.SSD1306_Putc)
    i.SSD1306_Puts                           0x080028f8   Section        0  ssd1306.o(i.SSD1306_Puts)
    i.SSD1306_UpdateScreen                   0x08002920   Section        0  ssd1306.o(i.SSD1306_UpdateScreen)
    i.SVC_Handler                            0x08002968   Section        0  stm32f1xx_it.o(i.SVC_Handler)
    i.SysTick_Handler                        0x0800296a   Section        0  stm32f1xx_it.o(i.SysTick_Handler)
    i.SystemClock_Config                     0x0800296e   Section        0  main.o(i.SystemClock_Config)
    i.SystemInit                             0x080029c4   Section        0  system_stm32f1xx.o(i.SystemInit)
    i.TIM2_IRQHandler                        0x08002a0c   Section        0  stm32f1xx_it.o(i.TIM2_IRQHandler)
    i.TIM_Base_SetConfig                     0x08002a18   Section        0  stm32f1xx_hal_tim.o(i.TIM_Base_SetConfig)
    i.TIM_ETR_SetConfig                      0x08002a84   Section        0  stm32f1xx_hal_tim.o(i.TIM_ETR_SetConfig)
    TIM_ETR_SetConfig                        0x08002a85   Thumb Code    20  stm32f1xx_hal_tim.o(i.TIM_ETR_SetConfig)
    i.TIM_ITRx_SetConfig                     0x08002a98   Section        0  stm32f1xx_hal_tim.o(i.TIM_ITRx_SetConfig)
    TIM_ITRx_SetConfig                       0x08002a99   Thumb Code    16  stm32f1xx_hal_tim.o(i.TIM_ITRx_SetConfig)
    i.TIM_TI1_ConfigInputStage               0x08002aa8   Section        0  stm32f1xx_hal_tim.o(i.TIM_TI1_ConfigInputStage)
    TIM_TI1_ConfigInputStage                 0x08002aa9   Thumb Code    34  stm32f1xx_hal_tim.o(i.TIM_TI1_ConfigInputStage)
    i.TIM_TI2_ConfigInputStage               0x08002aca   Section        0  stm32f1xx_hal_tim.o(i.TIM_TI2_ConfigInputStage)
    TIM_TI2_ConfigInputStage                 0x08002acb   Thumb Code    36  stm32f1xx_hal_tim.o(i.TIM_TI2_ConfigInputStage)
    i.UART_DMAAbortOnError                   0x08002aee   Section        0  stm32f1xx_hal_uart.o(i.UART_DMAAbortOnError)
    UART_DMAAbortOnError                     0x08002aef   Thumb Code    16  stm32f1xx_hal_uart.o(i.UART_DMAAbortOnError)
    i.UART_EndRxTransfer                     0x08002afe   Section        0  stm32f1xx_hal_uart.o(i.UART_EndRxTransfer)
    UART_EndRxTransfer                       0x08002aff   Thumb Code    28  stm32f1xx_hal_uart.o(i.UART_EndRxTransfer)
    i.UART_Receive_IT                        0x08002b1a   Section        0  stm32f1xx_hal_uart.o(i.UART_Receive_IT)
    UART_Receive_IT                          0x08002b1b   Thumb Code   150  stm32f1xx_hal_uart.o(i.UART_Receive_IT)
    i.UART_SetConfig                         0x08002bb0   Section        0  stm32f1xx_hal_uart.o(i.UART_SetConfig)
    UART_SetConfig                           0x08002bb1   Thumb Code   364  stm32f1xx_hal_uart.o(i.UART_SetConfig)
    i.UART_Transmit_IT                       0x08002d20   Section        0  stm32f1xx_hal_uart.o(i.UART_Transmit_IT)
    UART_Transmit_IT                         0x08002d21   Thumb Code    98  stm32f1xx_hal_uart.o(i.UART_Transmit_IT)
    i.USART1_IRQHandler                      0x08002d84   Section        0  stm32f1xx_it.o(i.USART1_IRQHandler)
    i.UsageFault_Handler                     0x08002d90   Section        0  stm32f1xx_it.o(i.UsageFault_Handler)
    i.__0sprintf                             0x08002d94   Section        0  printfa.o(i.__0sprintf)
    i.__scatterload_copy                     0x08002dbc   Section       14  handlers.o(i.__scatterload_copy)
    i.__scatterload_null                     0x08002dca   Section        2  handlers.o(i.__scatterload_null)
    i.__scatterload_zeroinit                 0x08002dcc   Section       14  handlers.o(i.__scatterload_zeroinit)
    i._fp_digits                             0x08002ddc   Section        0  printfa.o(i._fp_digits)
    _fp_digits                               0x08002ddd   Thumb Code   366  printfa.o(i._fp_digits)
    i._printf_core                           0x08002f60   Section        0  printfa.o(i._printf_core)
    _printf_core                             0x08002f61   Thumb Code  1744  printfa.o(i._printf_core)
    i._printf_post_padding                   0x0800363c   Section        0  printfa.o(i._printf_post_padding)
    _printf_post_padding                     0x0800363d   Thumb Code    36  printfa.o(i._printf_post_padding)
    i._printf_pre_padding                    0x08003660   Section        0  printfa.o(i._printf_pre_padding)
    _printf_pre_padding                      0x08003661   Thumb Code    46  printfa.o(i._printf_pre_padding)
    i._sputc                                 0x0800368e   Section        0  printfa.o(i._sputc)
    _sputc                                   0x0800368f   Thumb Code    10  printfa.o(i._sputc)
    i.free                                   0x08003698   Section        0  malloc.o(i.free)
    i.main                                   0x080036e8   Section        0  main.o(i.main)
    i.malloc                                 0x08003770   Section        0  malloc.o(i.malloc)
    i.ssd1306_I2C_Init                       0x080037dc   Section        0  ssd1306.o(i.ssd1306_I2C_Init)
    i.ssd1306_I2C_Write                      0x080037e8   Section        0  ssd1306.o(i.ssd1306_I2C_Write)
    i.ssd1306_I2C_WriteMulti                 0x08003808   Section        0  ssd1306.o(i.ssd1306_I2C_WriteMulti)
    .constdata                               0x08003850   Section     1900  fonts.o(.constdata)
    .constdata                               0x08003fbc   Section     3420  fonts.o(.constdata)
    .constdata                               0x08004d18   Section       16  system_stm32f1xx.o(.constdata)
    .constdata                               0x08004d28   Section        8  system_stm32f1xx.o(.constdata)
    .data                                    0x20000000   Section        8  fonts.o(.data)
    .data                                    0x20000008   Section        8  fonts.o(.data)
    .data                                    0x20000010   Section        6  ssd1306.o(.data)
    SSD1306                                  0x20000010   Data           6  ssd1306.o(.data)
    .data                                    0x20000018   Section       54  main.o(.data)
    .data                                    0x20000050   Section       12  stm32f1xx_hal.o(.data)
    .data                                    0x2000005c   Section        4  system_stm32f1xx.o(.data)
    .data                                    0x20000060   Section        4  mvars.o(.data)
    .data                                    0x20000064   Section        4  mvars.o(.data)
    .bss                                     0x20000068   Section     1024  ssd1306.o(.bss)
    SSD1306_Buffer                           0x20000068   Data        1024  ssd1306.o(.bss)
    .bss                                     0x20000468   Section      348  main.o(.bss)
    HEAP                                     0x200005c8   Section      512  startup_stm32f103xb.o(HEAP)
    STACK                                    0x200007c8   Section     1024  startup_stm32f103xb.o(STACK)

    Global Symbols

    Symbol Name                              Value     Ov Type        Size  Object(Section)

    BuildAttributes$$THM_ISAv4$P$D$K$B$S$PE$A:L22UL41UL21$X:L11$S22US41US21$IEEE1$IW$USESV6$~STKCKD$USESV7$~SHL$OTIME$ROPI$EBA8$MICROLIB$REQ8$PRES8$EABIv2 0x00000000   Number         0  anon$$obj.o ABSOLUTE
    __ARM_use_no_argv                        0x00000000   Number         0  main.o ABSOLUTE
    _printf_a                                0x00000000   Number         0  stubs.o ABSOLUTE
    _printf_c                                0x00000000   Number         0  stubs.o ABSOLUTE
    _printf_charcount                        0x00000000   Number         0  stubs.o ABSOLUTE
    _printf_d                                0x00000000   Number         0  stubs.o ABSOLUTE
    _printf_e                                0x00000000   Number         0  stubs.o ABSOLUTE
    _printf_f                                0x00000000   Number         0  stubs.o ABSOLUTE
    _printf_flags                            0x00000000   Number         0  stubs.o ABSOLUTE
    _printf_fp_dec                           0x00000000   Number         0  stubs.o ABSOLUTE
    _printf_fp_hex                           0x00000000   Number         0  stubs.o ABSOLUTE
    _printf_g                                0x00000000   Number         0  stubs.o ABSOLUTE
    _printf_i                                0x00000000   Number         0  stubs.o ABSOLUTE
    _printf_int_dec                          0x00000000   Number         0  stubs.o ABSOLUTE
    _printf_l                                0x00000000   Number         0  stubs.o ABSOLUTE
    _printf_lc                               0x00000000   Number         0  stubs.o ABSOLUTE
    _printf_ll                               0x00000000   Number         0  stubs.o ABSOLUTE
    _printf_lld                              0x00000000   Number         0  stubs.o ABSOLUTE
    _printf_lli                              0x00000000   Number         0  stubs.o ABSOLUTE
    _printf_llo                              0x00000000   Number         0  stubs.o ABSOLUTE
    _printf_llu                              0x00000000   Number         0  stubs.o ABSOLUTE
    _printf_llx                              0x00000000   Number         0  stubs.o ABSOLUTE
    _printf_longlong_dec                     0x00000000   Number         0  stubs.o ABSOLUTE
    _printf_longlong_hex                     0x00000000   Number         0  stubs.o ABSOLUTE
    _printf_longlong_oct                     0x00000000   Number         0  stubs.o ABSOLUTE
    _printf_ls                               0x00000000   Number         0  stubs.o ABSOLUTE
    _printf_mbtowc                           0x00000000   Number         0  stubs.o ABSOLUTE
    _printf_n                                0x00000000   Number         0  stubs.o ABSOLUTE
    _printf_o                                0x00000000   Number         0  stubs.o ABSOLUTE
    _printf_p                                0x00000000   Number         0  stubs.o ABSOLUTE
    _printf_percent                          0x00000000   Number         0  stubs.o ABSOLUTE
    _printf_pre_padding                      0x00000000   Number         0  stubs.o ABSOLUTE
    _printf_return_value                     0x00000000   Number         0  stubs.o ABSOLUTE
    _printf_s                                0x00000000   Number         0  stubs.o ABSOLUTE
    _printf_sizespec                         0x00000000   Number         0  stubs.o ABSOLUTE
    _printf_str                              0x00000000   Number         0  stubs.o ABSOLUTE
    _printf_truncate_signed                  0x00000000   Number         0  stubs.o ABSOLUTE
    _printf_truncate_unsigned                0x00000000   Number         0  stubs.o ABSOLUTE
    _printf_u                                0x00000000   Number         0  stubs.o ABSOLUTE
    _printf_wc                               0x00000000   Number         0  stubs.o ABSOLUTE
    _printf_wctomb                           0x00000000   Number         0  stubs.o ABSOLUTE
    _printf_widthprec                        0x00000000   Number         0  stubs.o ABSOLUTE
    _printf_x                                0x00000000   Number         0  stubs.o ABSOLUTE
    __cpp_initialize__aeabi_                  - Undefined Weak Reference
    __cxa_finalize                            - Undefined Weak Reference
    __decompress                              - Undefined Weak Reference
    _clock_init                               - Undefined Weak Reference
    _microlib_exit                            - Undefined Weak Reference
    __Vectors_Size                           0x000000ec   Number         0  startup_stm32f103xb.o ABSOLUTE
    __Vectors                                0x08000000   Data           4  startup_stm32f103xb.o(RESET)
    __Vectors_End                            0x080000ec   Data           0  startup_stm32f103xb.o(RESET)
    __main                                   0x080000ed   Thumb Code     0  entry.o(.ARM.Collect$$$$00000000)
    _main_stk                                0x080000ed   Thumb Code     0  entry2.o(.ARM.Collect$$$$00000001)
    _main_scatterload                        0x080000f1   Thumb Code     0  entry5.o(.ARM.Collect$$$$00000004)
    __main_after_scatterload                 0x080000f5   Thumb Code     0  entry5.o(.ARM.Collect$$$$00000004)
    _main_clock                              0x080000f5   Thumb Code     0  entry7b.o(.ARM.Collect$$$$00000008)
    _main_cpp_init                           0x080000f5   Thumb Code     0  entry8b.o(.ARM.Collect$$$$0000000A)
    _main_init                               0x080000f5   Thumb Code     0  entry9a.o(.ARM.Collect$$$$0000000B)
    __rt_final_cpp                           0x080000fd   Thumb Code     0  entry10a.o(.ARM.Collect$$$$0000000D)
    __rt_final_exit                          0x080000fd   Thumb Code     0  entry11a.o(.ARM.Collect$$$$0000000F)
    Reset_Handler                            0x08000101   Thumb Code     8  startup_stm32f103xb.o(.text)
    ADC1_2_IRQHandler                        0x0800011b   Thumb Code     0  startup_stm32f103xb.o(.text)
    CAN1_RX1_IRQHandler                      0x0800011b   Thumb Code     0  startup_stm32f103xb.o(.text)
    CAN1_SCE_IRQHandler                      0x0800011b   Thumb Code     0  startup_stm32f103xb.o(.text)
    DMA1_Channel1_IRQHandler                 0x0800011b   Thumb Code     0  startup_stm32f103xb.o(.text)
    DMA1_Channel2_IRQHandler                 0x0800011b   Thumb Code     0  startup_stm32f103xb.o(.text)
    DMA1_Channel3_IRQHandler                 0x0800011b   Thumb Code     0  startup_stm32f103xb.o(.text)
    DMA1_Channel4_IRQHandler                 0x0800011b   Thumb Code     0  startup_stm32f103xb.o(.text)
    DMA1_Channel5_IRQHandler                 0x0800011b   Thumb Code     0  startup_stm32f103xb.o(.text)
    DMA1_Channel6_IRQHandler                 0x0800011b   Thumb Code     0  startup_stm32f103xb.o(.text)
    DMA1_Channel7_IRQHandler                 0x0800011b   Thumb Code     0  startup_stm32f103xb.o(.text)
    EXTI0_IRQHandler                         0x0800011b   Thumb Code     0  startup_stm32f103xb.o(.text)
    EXTI1_IRQHandler                         0x0800011b   Thumb Code     0  startup_stm32f103xb.o(.text)
    EXTI2_IRQHandler                         0x0800011b   Thumb Code     0  startup_stm32f103xb.o(.text)
    EXTI3_IRQHandler                         0x0800011b   Thumb Code     0  startup_stm32f103xb.o(.text)
    EXTI4_IRQHandler                         0x0800011b   Thumb Code     0  startup_stm32f103xb.o(.text)
    EXTI9_5_IRQHandler                       0x0800011b   Thumb Code     0  startup_stm32f103xb.o(.text)
    FLASH_IRQHandler                         0x0800011b   Thumb Code     0  startup_stm32f103xb.o(.text)
    I2C1_ER_IRQHandler                       0x0800011b   Thumb Code     0  startup_stm32f103xb.o(.text)
    I2C1_EV_IRQHandler                       0x0800011b   Thumb Code     0  startup_stm32f103xb.o(.text)
    I2C2_ER_IRQHandler                       0x0800011b   Thumb Code     0  startup_stm32f103xb.o(.text)
    I2C2_EV_IRQHandler                       0x0800011b   Thumb Code     0  startup_stm32f103xb.o(.text)
    PVD_IRQHandler                           0x0800011b   Thumb Code     0  startup_stm32f103xb.o(.text)
    RCC_IRQHandler                           0x0800011b   Thumb Code     0  startup_stm32f103xb.o(.text)
    RTC_Alarm_IRQHandler                     0x0800011b   Thumb Code     0  startup_stm32f103xb.o(.text)
    RTC_IRQHandler                           0x0800011b   Thumb Code     0  startup_stm32f103xb.o(.text)
    SPI1_IRQHandler                          0x0800011b   Thumb Code     0  startup_stm32f103xb.o(.text)
    SPI2_IRQHandler                          0x0800011b   Thumb Code     0  startup_stm32f103xb.o(.text)
    TAMPER_IRQHandler                        0x0800011b   Thumb Code     0  startup_stm32f103xb.o(.text)
    TIM1_BRK_IRQHandler                      0x0800011b   Thumb Code     0  startup_stm32f103xb.o(.text)
    TIM1_CC_IRQHandler                       0x0800011b   Thumb Code     0  startup_stm32f103xb.o(.text)
    TIM1_TRG_COM_IRQHandler                  0x0800011b   Thumb Code     0  startup_stm32f103xb.o(.text)
    TIM1_UP_IRQHandler                       0x0800011b   Thumb Code     0  startup_stm32f103xb.o(.text)
    TIM3_IRQHandler                          0x0800011b   Thumb Code     0  startup_stm32f103xb.o(.text)
    TIM4_IRQHandler                          0x0800011b   Thumb Code     0  startup_stm32f103xb.o(.text)
    USART2_IRQHandler                        0x0800011b   Thumb Code     0  startup_stm32f103xb.o(.text)
    USART3_IRQHandler                        0x0800011b   Thumb Code     0  startup_stm32f103xb.o(.text)
    USBWakeUp_IRQHandler                     0x0800011b   Thumb Code     0  startup_stm32f103xb.o(.text)
    USB_HP_CAN1_TX_IRQHandler                0x0800011b   Thumb Code     0  startup_stm32f103xb.o(.text)
    USB_LP_CAN1_RX0_IRQHandler               0x0800011b   Thumb Code     0  startup_stm32f103xb.o(.text)
    WWDG_IRQHandler                          0x0800011b   Thumb Code     0  startup_stm32f103xb.o(.text)
    __aeabi_llsr                             0x08000125   Thumb Code    32  llushr.o(.text)
    _ll_ushift_r                             0x08000125   Thumb Code     0  llushr.o(.text)
    __aeabi_memset                           0x08000145   Thumb Code    14  memseta.o(.text)
    __aeabi_memset4                          0x08000145   Thumb Code     0  memseta.o(.text)
    __aeabi_memset8                          0x08000145   Thumb Code     0  memseta.o(.text)
    __aeabi_memclr                           0x08000153   Thumb Code     4  memseta.o(.text)
    __aeabi_memclr4                          0x08000153   Thumb Code     0  memseta.o(.text)
    __aeabi_memclr8                          0x08000153   Thumb Code     0  memseta.o(.text)
    _memset$wrapper                          0x08000157   Thumb Code    18  memseta.o(.text)
    __aeabi_fadd                             0x08000169   Thumb Code   164  fadd.o(.text)
    __aeabi_fsub                             0x0800020d   Thumb Code     6  fadd.o(.text)
    __aeabi_frsub                            0x08000213   Thumb Code     6  fadd.o(.text)
    __aeabi_f2d                              0x08000219   Thumb Code    38  f2d.o(.text)
    __aeabi_uidiv                            0x0800023f   Thumb Code     0  uidiv.o(.text)
    __aeabi_uidivmod                         0x0800023f   Thumb Code    44  uidiv.o(.text)
    __aeabi_uldivmod                         0x0800026b   Thumb Code    98  uldiv.o(.text)
    __I$use$fp                               0x080002cd   Thumb Code     0  iusefp.o(.text)
    _float_round                             0x080002cd   Thumb Code    18  fepilogue.o(.text)
    _float_epilogue                          0x080002df   Thumb Code    92  fepilogue.o(.text)
    __aeabi_dadd                             0x0800033b   Thumb Code   322  dadd.o(.text)
    __aeabi_dsub                             0x0800047d   Thumb Code     6  dadd.o(.text)
    __aeabi_drsub                            0x08000483   Thumb Code     6  dadd.o(.text)
    __aeabi_dmul                             0x08000489   Thumb Code   228  dmul.o(.text)
    __aeabi_ddiv                             0x0800056d   Thumb Code   222  ddiv.o(.text)
    __aeabi_d2ulz                            0x0800064b   Thumb Code    48  dfixul.o(.text)
    __aeabi_cdrcmple                         0x0800067d   Thumb Code    48  cdrcmple.o(.text)
    __scatterload                            0x080006ad   Thumb Code    28  init.o(.text)
    __scatterload_rt2                        0x080006ad   Thumb Code     0  init.o(.text)
    __aeabi_llsl                             0x080006d1   Thumb Code    30  llshl.o(.text)
    _ll_shift_l                              0x080006d1   Thumb Code     0  llshl.o(.text)
    __aeabi_lasr                             0x080006ef   Thumb Code    36  llsshr.o(.text)
    _ll_sshift_r                             0x080006ef   Thumb Code     0  llsshr.o(.text)
    _double_round                            0x08000713   Thumb Code    30  depilogue.o(.text)
    _double_epilogue                         0x08000731   Thumb Code   156  depilogue.o(.text)
    ADC_ConversionStop_Disable               0x080007cd   Thumb Code    76  stm32f1xx_hal_adc.o(i.ADC_ConversionStop_Disable)
    BusFault_Handler                         0x08000819   Thumb Code     2  stm32f1xx_it.o(i.BusFault_Handler)
    DebugMon_Handler                         0x0800081b   Thumb Code     2  stm32f1xx_it.o(i.DebugMon_Handler)
    EXTI15_10_IRQHandler                     0x0800081d   Thumb Code    54  stm32f1xx_it.o(i.EXTI15_10_IRQHandler)
    HAL_ADC_ConfigChannel                    0x08000855   Thumb Code   240  stm32f1xx_hal_adc.o(i.HAL_ADC_ConfigChannel)
    HAL_ADC_Init                             0x08000951   Thumb Code   272  stm32f1xx_hal_adc.o(i.HAL_ADC_Init)
    HAL_ADC_MspInit                          0x08000a6d   Thumb Code    76  stm32f1xx_hal_msp.o(i.HAL_ADC_MspInit)
    HAL_DMA_Abort_IT                         0x08000ac5   Thumb Code   148  stm32f1xx_hal_dma.o(i.HAL_DMA_Abort_IT)
    HAL_GPIO_EXTI_Callback                   0x08000b5d   Thumb Code   588  main.o(i.HAL_GPIO_EXTI_Callback)
    HAL_GPIO_EXTI_IRQHandler                 0x08000e05   Thumb Code    18  stm32f1xx_hal_gpio.o(i.HAL_GPIO_EXTI_IRQHandler)
    HAL_GPIO_Init                            0x08000e1d   Thumb Code   408  stm32f1xx_hal_gpio.o(i.HAL_GPIO_Init)
    HAL_GPIO_ReadPin                         0x08000fd9   Thumb Code    10  stm32f1xx_hal_gpio.o(i.HAL_GPIO_ReadPin)
    HAL_GPIO_WritePin                        0x08000fe3   Thumb Code    10  stm32f1xx_hal_gpio.o(i.HAL_GPIO_WritePin)
    HAL_GetTick                              0x08000fed   Thumb Code     6  stm32f1xx_hal.o(i.HAL_GetTick)
    HAL_I2C_Init                             0x08000ff9   Thumb Code   302  stm32f1xx_hal_i2c.o(i.HAL_I2C_Init)
    HAL_I2C_IsDeviceReady                    0x08001139   Thumb Code   344  stm32f1xx_hal_i2c.o(i.HAL_I2C_IsDeviceReady)
    HAL_I2C_Master_Transmit                  0x08001299   Thumb Code   304  stm32f1xx_hal_i2c.o(i.HAL_I2C_Master_Transmit)
    HAL_I2C_MspInit                          0x080013d1   Thumb Code    80  stm32f1xx_hal_msp.o(i.HAL_I2C_MspInit)
    HAL_IncTick                              0x0800142d   Thumb Code    12  stm32f1xx_hal.o(i.HAL_IncTick)
    HAL_Init                                 0x0800143d   Thumb Code    32  stm32f1xx_hal.o(i.HAL_Init)
    HAL_InitTick                             0x08001461   Thumb Code    54  stm32f1xx_hal.o(i.HAL_InitTick)
    HAL_MspInit                              0x080014a1   Thumb Code    52  stm32f1xx_hal_msp.o(i.HAL_MspInit)
    HAL_NVIC_EnableIRQ                       0x080014dd   Thumb Code    22  stm32f1xx_hal_cortex.o(i.HAL_NVIC_EnableIRQ)
    HAL_NVIC_SetPriority                     0x080014f5   Thumb Code    60  stm32f1xx_hal_cortex.o(i.HAL_NVIC_SetPriority)
    HAL_NVIC_SetPriorityGrouping             0x08001535   Thumb Code    26  stm32f1xx_hal_cortex.o(i.HAL_NVIC_SetPriorityGrouping)
    HAL_RCCEx_PeriphCLKConfig                0x08001559   Thumb Code   224  stm32f1xx_hal_rcc_ex.o(i.HAL_RCCEx_PeriphCLKConfig)
    HAL_RCC_ClockConfig                      0x08001645   Thumb Code   346  stm32f1xx_hal_rcc.o(i.HAL_RCC_ClockConfig)
    HAL_RCC_GetPCLK1Freq                     0x080017b1   Thumb Code    20  stm32f1xx_hal_rcc.o(i.HAL_RCC_GetPCLK1Freq)
    HAL_RCC_GetPCLK2Freq                     0x080017d1   Thumb Code    20  stm32f1xx_hal_rcc.o(i.HAL_RCC_GetPCLK2Freq)
    HAL_RCC_GetSysClockFreq                  0x080017f1   Thumb Code    74  stm32f1xx_hal_rcc.o(i.HAL_RCC_GetSysClockFreq)
    HAL_RCC_OscConfig                        0x0800185d   Thumb Code   750  stm32f1xx_hal_rcc.o(i.HAL_RCC_OscConfig)
    HAL_SPI_Init                             0x08001b61   Thumb Code   130  stm32f1xx_hal_spi_ex.o(i.HAL_SPI_Init)
    HAL_SPI_MspInit                          0x08001be5   Thumb Code    98  stm32f1xx_hal_msp.o(i.HAL_SPI_MspInit)
    HAL_SYSTICK_Config                       0x08001c55   Thumb Code    40  stm32f1xx_hal_cortex.o(i.HAL_SYSTICK_Config)
    HAL_TIMEx_BreakCallback                  0x08001c7d   Thumb Code     2  stm32f1xx_hal_tim_ex.o(i.HAL_TIMEx_BreakCallback)
    HAL_TIMEx_CommutationCallback            0x08001c7f   Thumb Code     2  stm32f1xx_hal_tim_ex.o(i.HAL_TIMEx_CommutationCallback)
    HAL_TIMEx_MasterConfigSynchronization    0x08001c81   Thumb Code    80  stm32f1xx_hal_tim_ex.o(i.HAL_TIMEx_MasterConfigSynchronization)
    HAL_TIM_Base_Init                        0x08001cd1   Thumb Code    54  stm32f1xx_hal_tim.o(i.HAL_TIM_Base_Init)
    HAL_TIM_Base_MspInit                     0x08001d09   Thumb Code    50  stm32f1xx_hal_msp.o(i.HAL_TIM_Base_MspInit)
    HAL_TIM_Base_Start_IT                    0x08001d41   Thumb Code    24  stm32f1xx_hal_tim.o(i.HAL_TIM_Base_Start_IT)
    HAL_TIM_Base_Stop_IT                     0x08001d59   Thumb Code    42  stm32f1xx_hal_tim.o(i.HAL_TIM_Base_Stop_IT)
    HAL_TIM_ConfigClockSource                0x08001d83   Thumb Code   242  stm32f1xx_hal_tim.o(i.HAL_TIM_ConfigClockSource)
    HAL_TIM_IC_CaptureCallback               0x08001e75   Thumb Code     2  stm32f1xx_hal_tim.o(i.HAL_TIM_IC_CaptureCallback)
    HAL_TIM_IRQHandler                       0x08001e77   Thumb Code   358  stm32f1xx_hal_tim.o(i.HAL_TIM_IRQHandler)
    HAL_TIM_OC_DelayElapsedCallback          0x08001fdd   Thumb Code     2  stm32f1xx_hal_tim.o(i.HAL_TIM_OC_DelayElapsedCallback)
    HAL_TIM_PWM_PulseFinishedCallback        0x08001fdf   Thumb Code     2  stm32f1xx_hal_tim.o(i.HAL_TIM_PWM_PulseFinishedCallback)
    HAL_TIM_PeriodElapsedCallback            0x08001fe1   Thumb Code   104  main.o(i.HAL_TIM_PeriodElapsedCallback)
    HAL_TIM_TriggerCallback                  0x0800206d   Thumb Code     2  stm32f1xx_hal_tim.o(i.HAL_TIM_TriggerCallback)
    HAL_UART_ErrorCallback                   0x0800206f   Thumb Code     2  stm32f1xx_hal_uart.o(i.HAL_UART_ErrorCallback)
    HAL_UART_IRQHandler                      0x08002071   Thumb Code   266  stm32f1xx_hal_uart.o(i.HAL_UART_IRQHandler)
    HAL_UART_Init                            0x08002181   Thumb Code    98  stm32f1xx_hal_uart.o(i.HAL_UART_Init)
    HAL_UART_MspInit                         0x080021e5   Thumb Code   116  stm32f1xx_hal_msp.o(i.HAL_UART_MspInit)
    HAL_UART_RxCpltCallback                  0x08002265   Thumb Code     2  stm32f1xx_hal_uart.o(i.HAL_UART_RxCpltCallback)
    HAL_UART_TxCpltCallback                  0x08002267   Thumb Code     2  stm32f1xx_hal_uart.o(i.HAL_UART_TxCpltCallback)
    HardFault_Handler                        0x08002269   Thumb Code     2  stm32f1xx_it.o(i.HardFault_Handler)
    MemManage_Handler                        0x08002671   Thumb Code     2  stm32f1xx_it.o(i.MemManage_Handler)
    NMI_Handler                              0x08002673   Thumb Code     2  stm32f1xx_it.o(i.NMI_Handler)
    PendSV_Handler                           0x08002695   Thumb Code     2  stm32f1xx_it.o(i.PendSV_Handler)
    SSD1306_DrawPixel                        0x08002699   Thumb Code    54  ssd1306.o(i.SSD1306_DrawPixel)
    SSD1306_Fill                             0x080026d9   Thumb Code    18  ssd1306.o(i.SSD1306_Fill)
    SSD1306_GotoXY                           0x080026f1   Thumb Code     8  ssd1306.o(i.SSD1306_GotoXY)
    SSD1306_Init                             0x080026fd   Thumb Code   340  ssd1306.o(i.SSD1306_Init)
    SSD1306_Putc                             0x08002859   Thumb Code   156  ssd1306.o(i.SSD1306_Putc)
    SSD1306_Puts                             0x080028f9   Thumb Code    40  ssd1306.o(i.SSD1306_Puts)
    SSD1306_UpdateScreen                     0x08002921   Thumb Code    66  ssd1306.o(i.SSD1306_UpdateScreen)
    SVC_Handler                              0x08002969   Thumb Code     2  stm32f1xx_it.o(i.SVC_Handler)
    SysTick_Handler                          0x0800296b   Thumb Code     4  stm32f1xx_it.o(i.SysTick_Handler)
    SystemClock_Config                       0x0800296f   Thumb Code    84  main.o(i.SystemClock_Config)
    SystemInit                               0x080029c5   Thumb Code    56  system_stm32f1xx.o(i.SystemInit)
    TIM2_IRQHandler                          0x08002a0d   Thumb Code     6  stm32f1xx_it.o(i.TIM2_IRQHandler)
    TIM_Base_SetConfig                       0x08002a19   Thumb Code    94  stm32f1xx_hal_tim.o(i.TIM_Base_SetConfig)
    USART1_IRQHandler                        0x08002d85   Thumb Code     6  stm32f1xx_it.o(i.USART1_IRQHandler)
    UsageFault_Handler                       0x08002d91   Thumb Code     2  stm32f1xx_it.o(i.UsageFault_Handler)
    __0sprintf                               0x08002d95   Thumb Code    34  printfa.o(i.__0sprintf)
    __1sprintf                               0x08002d95   Thumb Code     0  printfa.o(i.__0sprintf)
    __2sprintf                               0x08002d95   Thumb Code     0  printfa.o(i.__0sprintf)
    __c89sprintf                             0x08002d95   Thumb Code     0  printfa.o(i.__0sprintf)
    sprintf                                  0x08002d95   Thumb Code     0  printfa.o(i.__0sprintf)
    __scatterload_copy                       0x08002dbd   Thumb Code    14  handlers.o(i.__scatterload_copy)
    __scatterload_null                       0x08002dcb   Thumb Code     2  handlers.o(i.__scatterload_null)
    __scatterload_zeroinit                   0x08002dcd   Thumb Code    14  handlers.o(i.__scatterload_zeroinit)
    free                                     0x08003699   Thumb Code    76  malloc.o(i.free)
    main                                     0x080036e9   Thumb Code   116  main.o(i.main)
    malloc                                   0x08003771   Thumb Code    92  malloc.o(i.malloc)
    ssd1306_I2C_Init                         0x080037dd   Thumb Code     8  ssd1306.o(i.ssd1306_I2C_Init)
    ssd1306_I2C_Write                        0x080037e9   Thumb Code    28  ssd1306.o(i.ssd1306_I2C_Write)
    ssd1306_I2C_WriteMulti                   0x08003809   Thumb Code    68  ssd1306.o(i.ssd1306_I2C_WriteMulti)
    Font7x10                                 0x08003850   Data        1900  fonts.o(.constdata)
    Font11x18                                0x08003fbc   Data        3420  fonts.o(.constdata)
    AHBPrescTable                            0x08004d18   Data          16  system_stm32f1xx.o(.constdata)
    APBPrescTable                            0x08004d28   Data           8  system_stm32f1xx.o(.constdata)
    Region$$Table$$Base                      0x08004d30   Number         0  anon$$obj.o(Region$$Table)
    Region$$Table$$Limit                     0x08004d50   Number         0  anon$$obj.o(Region$$Table)
    Font_7x10                                0x20000000   Data           8  fonts.o(.data)
    Font_11x18                               0x20000008   Data           8  fonts.o(.data)
    count                                    0x20000018   Data           4  main.o(.data)
    timercheck                               0x2000001c   Data           4  main.o(.data)
    startflag                                0x20000020   Data           4  main.o(.data)
    onflag                                   0x20000024   Data           4  main.o(.data)
    bpflag                                   0x20000028   Data           4  main.o(.data)
    minflag                                  0x2000002c   Data           4  main.o(.data)
    row                                      0x20000030   Data           4  main.o(.data)
    column                                   0x20000034   Data           4  main.o(.data)
    i                                        0x20000038   Data           4  main.o(.data)
    s                                        0x2000003c   Data           4  main.o(.data)
    t                                        0x20000040   Data           4  main.o(.data)
    char_buff                                0x20000044   Data           5  main.o(.data)
    chartwo_buff                             0x20000049   Data           5  main.o(.data)
    uwTickFreq                               0x20000050   Data           1  stm32f1xx_hal.o(.data)
    uwTickPrio                               0x20000054   Data           4  stm32f1xx_hal.o(.data)
    uwTick                                   0x20000058   Data           4  stm32f1xx_hal.o(.data)
    SystemCoreClock                          0x2000005c   Data           4  system_stm32f1xx.o(.data)
    __microlib_freelist                      0x20000060   Data           4  mvars.o(.data)
    __microlib_freelist_initialised          0x20000064   Data           4  mvars.o(.data)
    hadc1                                    0x20000468   Data          48  main.o(.bss)
    hi2c1                                    0x20000498   Data          84  main.o(.bss)
    hspi1                                    0x200004ec   Data          88  main.o(.bss)
    htim2                                    0x20000544   Data          64  main.o(.bss)
    huart1                                   0x20000584   Data          64  main.o(.bss)
    __heap_base                              0x200005c8   Data           0  startup_stm32f103xb.o(HEAP)
    __heap_limit                             0x200007c8   Data           0  startup_stm32f103xb.o(HEAP)
    __initial_sp                             0x20000bc8   Data           0  startup_stm32f103xb.o(STACK)



==============================================================================

Memory Map of the image

  Image Entry point : 0x080000ed

  Load Region LR_IROM1 (Base: 0x08000000, Size: 0x00004db8, Max: 0x00010000, ABSOLUTE)

    Execution Region ER_IROM1 (Exec base: 0x08000000, Load base: 0x08000000, Size: 0x00004d50, Max: 0x00010000, ABSOLUTE)

    Exec Addr    Load Addr    Size         Type   Attr      Idx    E Section Name        Object

    0x08000000   0x08000000   0x000000ec   Data   RO            3    RESET               startup_stm32f103xb.o
    0x080000ec   0x080000ec   0x00000000   Code   RO         3734  * .ARM.Collect$$$$00000000  mc_w.l(entry.o)
    0x080000ec   0x080000ec   0x00000004   Code   RO         4036    .ARM.Collect$$$$00000001  mc_w.l(entry2.o)
    0x080000f0   0x080000f0   0x00000004   Code   RO         4039    .ARM.Collect$$$$00000004  mc_w.l(entry5.o)
    0x080000f4   0x080000f4   0x00000000   Code   RO         4041    .ARM.Collect$$$$00000008  mc_w.l(entry7b.o)
    0x080000f4   0x080000f4   0x00000000   Code   RO         4043    .ARM.Collect$$$$0000000A  mc_w.l(entry8b.o)
    0x080000f4   0x080000f4   0x00000008   Code   RO         4044    .ARM.Collect$$$$0000000B  mc_w.l(entry9a.o)
    0x080000fc   0x080000fc   0x00000000   Code   RO         4046    .ARM.Collect$$$$0000000D  mc_w.l(entry10a.o)
    0x080000fc   0x080000fc   0x00000000   Code   RO         4048    .ARM.Collect$$$$0000000F  mc_w.l(entry11a.o)
    0x080000fc   0x080000fc   0x00000004   Code   RO         4037    .ARM.Collect$$$$00002712  mc_w.l(entry2.o)
    0x08000100   0x08000100   0x00000024   Code   RO            4    .text               startup_stm32f103xb.o
    0x08000124   0x08000124   0x00000020   Code   RO         3737    .text               mc_w.l(llushr.o)
    0x08000144   0x08000144   0x00000024   Code   RO         3739    .text               mc_w.l(memseta.o)
    0x08000168   0x08000168   0x000000b0   Code   RO         4032    .text               mf_w.l(fadd.o)
    0x08000218   0x08000218   0x00000026   Code   RO         4034    .text               mf_w.l(f2d.o)
    0x0800023e   0x0800023e   0x0000002c   Code   RO         4053    .text               mc_w.l(uidiv.o)
    0x0800026a   0x0800026a   0x00000062   Code   RO         4055    .text               mc_w.l(uldiv.o)
    0x080002cc   0x080002cc   0x00000000   Code   RO         4063    .text               mc_w.l(iusefp.o)
    0x080002cc   0x080002cc   0x0000006e   Code   RO         4064    .text               mf_w.l(fepilogue.o)
    0x0800033a   0x0800033a   0x0000014e   Code   RO         4066    .text               mf_w.l(dadd.o)
    0x08000488   0x08000488   0x000000e4   Code   RO         4068    .text               mf_w.l(dmul.o)
    0x0800056c   0x0800056c   0x000000de   Code   RO         4070    .text               mf_w.l(ddiv.o)
    0x0800064a   0x0800064a   0x00000030   Code   RO         4072    .text               mf_w.l(dfixul.o)
    0x0800067a   0x0800067a   0x00000002   PAD
    0x0800067c   0x0800067c   0x00000030   Code   RO         4074    .text               mf_w.l(cdrcmple.o)
    0x080006ac   0x080006ac   0x00000024   Code   RO         4076    .text               mc_w.l(init.o)
    0x080006d0   0x080006d0   0x0000001e   Code   RO         4079    .text               mc_w.l(llshl.o)
    0x080006ee   0x080006ee   0x00000024   Code   RO         4081    .text               mc_w.l(llsshr.o)
    0x08000712   0x08000712   0x000000ba   Code   RO         4084    .text               mf_w.l(depilogue.o)
    0x080007cc   0x080007cc   0x0000004c   Code   RO          597    i.ADC_ConversionStop_Disable  stm32f1xx_hal_adc.o
    0x08000818   0x08000818   0x00000002   Code   RO          383    i.BusFault_Handler  stm32f1xx_it.o
    0x0800081a   0x0800081a   0x00000002   Code   RO          384    i.DebugMon_Handler  stm32f1xx_it.o
    0x0800081c   0x0800081c   0x00000036   Code   RO          385    i.EXTI15_10_IRQHandler  stm32f1xx_it.o
    0x08000852   0x08000852   0x00000002   PAD
    0x08000854   0x08000854   0x000000fc   Code   RO          603    i.HAL_ADC_ConfigChannel  stm32f1xx_hal_adc.o
    0x08000950   0x08000950   0x0000011c   Code   RO          612    i.HAL_ADC_Init      stm32f1xx_hal_adc.o
    0x08000a6c   0x08000a6c   0x00000058   Code   RO          478    i.HAL_ADC_MspInit   stm32f1xx_hal_msp.o
    0x08000ac4   0x08000ac4   0x00000098   Code   RO         3176    i.HAL_DMA_Abort_IT  stm32f1xx_hal_dma.o
    0x08000b5c   0x08000b5c   0x000002a8   Code   RO          293    i.HAL_GPIO_EXTI_Callback  main.o
    0x08000e04   0x08000e04   0x00000018   Code   RO         3110    i.HAL_GPIO_EXTI_IRQHandler  stm32f1xx_hal_gpio.o
    0x08000e1c   0x08000e1c   0x000001bc   Code   RO         3111    i.HAL_GPIO_Init     stm32f1xx_hal_gpio.o
    0x08000fd8   0x08000fd8   0x0000000a   Code   RO         3113    i.HAL_GPIO_ReadPin  stm32f1xx_hal_gpio.o
    0x08000fe2   0x08000fe2   0x0000000a   Code   RO         3115    i.HAL_GPIO_WritePin  stm32f1xx_hal_gpio.o
    0x08000fec   0x08000fec   0x0000000c   Code   RO         2819    i.HAL_GetTick       stm32f1xx_hal.o
    0x08000ff8   0x08000ff8   0x00000140   Code   RO          884    i.HAL_I2C_Init      stm32f1xx_hal_i2c.o
    0x08001138   0x08001138   0x00000160   Code   RO          885    i.HAL_I2C_IsDeviceReady  stm32f1xx_hal_i2c.o
    0x08001298   0x08001298   0x00000138   Code   RO          895    i.HAL_I2C_Master_Transmit  stm32f1xx_hal_i2c.o
    0x080013d0   0x080013d0   0x0000005c   Code   RO          480    i.HAL_I2C_MspInit   stm32f1xx_hal_msp.o
    0x0800142c   0x0800142c   0x00000010   Code   RO         2823    i.HAL_IncTick       stm32f1xx_hal.o
    0x0800143c   0x0800143c   0x00000024   Code   RO         2824    i.HAL_Init          stm32f1xx_hal.o
    0x08001460   0x08001460   0x00000040   Code   RO         2825    i.HAL_InitTick      stm32f1xx_hal.o
    0x080014a0   0x080014a0   0x0000003c   Code   RO          481    i.HAL_MspInit       stm32f1xx_hal_msp.o
    0x080014dc   0x080014dc   0x00000016   Code   RO         3271    i.HAL_NVIC_EnableIRQ  stm32f1xx_hal_cortex.o
    0x080014f2   0x080014f2   0x00000002   PAD
    0x080014f4   0x080014f4   0x00000040   Code   RO         3277    i.HAL_NVIC_SetPriority  stm32f1xx_hal_cortex.o
    0x08001534   0x08001534   0x00000024   Code   RO         3278    i.HAL_NVIC_SetPriorityGrouping  stm32f1xx_hal_cortex.o
    0x08001558   0x08001558   0x000000ec   Code   RO         3074    i.HAL_RCCEx_PeriphCLKConfig  stm32f1xx_hal_rcc_ex.o
    0x08001644   0x08001644   0x0000016c   Code   RO         2971    i.HAL_RCC_ClockConfig  stm32f1xx_hal_rcc.o
    0x080017b0   0x080017b0   0x00000020   Code   RO         2978    i.HAL_RCC_GetPCLK1Freq  stm32f1xx_hal_rcc.o
    0x080017d0   0x080017d0   0x00000020   Code   RO         2979    i.HAL_RCC_GetPCLK2Freq  stm32f1xx_hal_rcc.o
    0x080017f0   0x080017f0   0x0000006c   Code   RO         2980    i.HAL_RCC_GetSysClockFreq  stm32f1xx_hal_rcc.o
    0x0800185c   0x0800185c   0x00000304   Code   RO         2983    i.HAL_RCC_OscConfig  stm32f1xx_hal_rcc.o
    0x08001b60   0x08001b60   0x00000082   Code   RO         1594    i.HAL_SPI_Init      stm32f1xx_hal_spi_ex.o
    0x08001be2   0x08001be2   0x00000002   PAD
    0x08001be4   0x08001be4   0x00000070   Code   RO          483    i.HAL_SPI_MspInit   stm32f1xx_hal_msp.o
    0x08001c54   0x08001c54   0x00000028   Code   RO         3282    i.HAL_SYSTICK_Config  stm32f1xx_hal_cortex.o
    0x08001c7c   0x08001c7c   0x00000002   Code   RO         2249    i.HAL_TIMEx_BreakCallback  stm32f1xx_hal_tim_ex.o
    0x08001c7e   0x08001c7e   0x00000002   Code   RO         2250    i.HAL_TIMEx_CommutationCallback  stm32f1xx_hal_tim_ex.o
    0x08001c80   0x08001c80   0x00000050   Code   RO         2266    i.HAL_TIMEx_MasterConfigSynchronization  stm32f1xx_hal_tim_ex.o
    0x08001cd0   0x08001cd0   0x00000036   Code   RO         1620    i.HAL_TIM_Base_Init  stm32f1xx_hal_tim.o
    0x08001d06   0x08001d06   0x00000002   PAD
    0x08001d08   0x08001d08   0x00000038   Code   RO          485    i.HAL_TIM_Base_MspInit  stm32f1xx_hal_msp.o
    0x08001d40   0x08001d40   0x00000018   Code   RO         1625    i.HAL_TIM_Base_Start_IT  stm32f1xx_hal_tim.o
    0x08001d58   0x08001d58   0x0000002a   Code   RO         1628    i.HAL_TIM_Base_Stop_IT  stm32f1xx_hal_tim.o
    0x08001d82   0x08001d82   0x000000f2   Code   RO         1629    i.HAL_TIM_ConfigClockSource  stm32f1xx_hal_tim.o
    0x08001e74   0x08001e74   0x00000002   Code   RO         1649    i.HAL_TIM_IC_CaptureCallback  stm32f1xx_hal_tim.o
    0x08001e76   0x08001e76   0x00000166   Code   RO         1662    i.HAL_TIM_IRQHandler  stm32f1xx_hal_tim.o
    0x08001fdc   0x08001fdc   0x00000002   Code   RO         1665    i.HAL_TIM_OC_DelayElapsedCallback  stm32f1xx_hal_tim.o
    0x08001fde   0x08001fde   0x00000002   Code   RO         1692    i.HAL_TIM_PWM_PulseFinishedCallback  stm32f1xx_hal_tim.o
    0x08001fe0   0x08001fe0   0x0000008c   Code   RO          294    i.HAL_TIM_PeriodElapsedCallback  main.o
    0x0800206c   0x0800206c   0x00000002   Code   RO         1703    i.HAL_TIM_TriggerCallback  stm32f1xx_hal_tim.o
    0x0800206e   0x0800206e   0x00000002   Code   RO         2503    i.HAL_UART_ErrorCallback  stm32f1xx_hal_uart.o
    0x08002070   0x08002070   0x00000110   Code   RO         2506    i.HAL_UART_IRQHandler  stm32f1xx_hal_uart.o
    0x08002180   0x08002180   0x00000062   Code   RO         2507    i.HAL_UART_Init     stm32f1xx_hal_uart.o
    0x080021e2   0x080021e2   0x00000002   PAD
    0x080021e4   0x080021e4   0x00000080   Code   RO          487    i.HAL_UART_MspInit  stm32f1xx_hal_msp.o
    0x08002264   0x08002264   0x00000002   Code   RO         2513    i.HAL_UART_RxCpltCallback  stm32f1xx_hal_uart.o
    0x08002266   0x08002266   0x00000002   Code   RO         2518    i.HAL_UART_TxCpltCallback  stm32f1xx_hal_uart.o
    0x08002268   0x08002268   0x00000002   Code   RO          386    i.HardFault_Handler  stm32f1xx_it.o
    0x0800226a   0x0800226a   0x00000028   Code   RO          922    i.I2C_IsAcknowledgeFailed  stm32f1xx_hal_i2c.o
    0x08002292   0x08002292   0x00000002   PAD
    0x08002294   0x08002294   0x00000094   Code   RO          926    i.I2C_MasterRequestWrite  stm32f1xx_hal_i2c.o
    0x08002328   0x08002328   0x0000004e   Code   RO          935    i.I2C_WaitOnBTFFlagUntilTimeout  stm32f1xx_hal_i2c.o
    0x08002376   0x08002376   0x00000060   Code   RO          936    i.I2C_WaitOnFlagUntilTimeout  stm32f1xx_hal_i2c.o
    0x080023d6   0x080023d6   0x00000002   PAD
    0x080023d8   0x080023d8   0x00000088   Code   RO          937    i.I2C_WaitOnMasterAddressFlagUntilTimeout  stm32f1xx_hal_i2c.o
    0x08002460   0x08002460   0x0000004e   Code   RO          939    i.I2C_WaitOnTXEFlagUntilTimeout  stm32f1xx_hal_i2c.o
    0x080024ae   0x080024ae   0x00000002   PAD
    0x080024b0   0x080024b0   0x00000040   Code   RO          295    i.MX_ADC1_Init      main.o
    0x080024f0   0x080024f0   0x000000f8   Code   RO          296    i.MX_GPIO_Init      main.o
    0x080025e8   0x080025e8   0x00000034   Code   RO          297    i.MX_SPI1_Init      main.o
    0x0800261c   0x0800261c   0x00000054   Code   RO          298    i.MX_TIM2_Init      main.o
    0x08002670   0x08002670   0x00000002   Code   RO          387    i.MemManage_Handler  stm32f1xx_it.o
    0x08002672   0x08002672   0x00000002   Code   RO          388    i.NMI_Handler       stm32f1xx_it.o
    0x08002674   0x08002674   0x00000020   Code   RO         3284    i.NVIC_SetPriority  stm32f1xx_hal_cortex.o
    0x08002694   0x08002694   0x00000002   Code   RO          389    i.PendSV_Handler    stm32f1xx_it.o
    0x08002696   0x08002696   0x00000002   PAD
    0x08002698   0x08002698   0x00000040   Code   RO          148    i.SSD1306_DrawPixel  ssd1306.o
    0x080026d8   0x080026d8   0x00000018   Code   RO          151    i.SSD1306_Fill      ssd1306.o
    0x080026f0   0x080026f0   0x0000000c   Code   RO          152    i.SSD1306_GotoXY    ssd1306.o
    0x080026fc   0x080026fc   0x0000015c   Code   RO          153    i.SSD1306_Init      ssd1306.o
    0x08002858   0x08002858   0x000000a0   Code   RO          156    i.SSD1306_Putc      ssd1306.o
    0x080028f8   0x080028f8   0x00000028   Code   RO          157    i.SSD1306_Puts      ssd1306.o
    0x08002920   0x08002920   0x00000048   Code   RO          159    i.SSD1306_UpdateScreen  ssd1306.o
    0x08002968   0x08002968   0x00000002   Code   RO          390    i.SVC_Handler       stm32f1xx_it.o
    0x0800296a   0x0800296a   0x00000004   Code   RO          391    i.SysTick_Handler   stm32f1xx_it.o
    0x0800296e   0x0800296e   0x00000054   Code   RO          299    i.SystemClock_Config  main.o
    0x080029c2   0x080029c2   0x00000002   PAD
    0x080029c4   0x080029c4   0x00000048   Code   RO         3700    i.SystemInit        system_stm32f1xx.o
    0x08002a0c   0x08002a0c   0x0000000c   Code   RO          392    i.TIM2_IRQHandler   stm32f1xx_it.o
    0x08002a18   0x08002a18   0x0000006c   Code   RO         1704    i.TIM_Base_SetConfig  stm32f1xx_hal_tim.o
    0x08002a84   0x08002a84   0x00000014   Code   RO         1711    i.TIM_ETR_SetConfig  stm32f1xx_hal_tim.o
    0x08002a98   0x08002a98   0x00000010   Code   RO         1712    i.TIM_ITRx_SetConfig  stm32f1xx_hal_tim.o
    0x08002aa8   0x08002aa8   0x00000022   Code   RO         1718    i.TIM_TI1_ConfigInputStage  stm32f1xx_hal_tim.o
    0x08002aca   0x08002aca   0x00000024   Code   RO         1720    i.TIM_TI2_ConfigInputStage  stm32f1xx_hal_tim.o
    0x08002aee   0x08002aee   0x00000010   Code   RO         2520    i.UART_DMAAbortOnError  stm32f1xx_hal_uart.o
    0x08002afe   0x08002afe   0x0000001c   Code   RO         2530    i.UART_EndRxTransfer  stm32f1xx_hal_uart.o
    0x08002b1a   0x08002b1a   0x00000096   Code   RO         2532    i.UART_Receive_IT   stm32f1xx_hal_uart.o
    0x08002bb0   0x08002bb0   0x00000170   Code   RO         2533    i.UART_SetConfig    stm32f1xx_hal_uart.o
    0x08002d20   0x08002d20   0x00000062   Code   RO         2534    i.UART_Transmit_IT  stm32f1xx_hal_uart.o
    0x08002d82   0x08002d82   0x00000002   PAD
    0x08002d84   0x08002d84   0x0000000c   Code   RO          393    i.USART1_IRQHandler  stm32f1xx_it.o
    0x08002d90   0x08002d90   0x00000002   Code   RO          394    i.UsageFault_Handler  stm32f1xx_it.o
    0x08002d92   0x08002d92   0x00000002   PAD
    0x08002d94   0x08002d94   0x00000028   Code   RO         3978    i.__0sprintf        mc_w.l(printfa.o)
    0x08002dbc   0x08002dbc   0x0000000e   Code   RO         4088    i.__scatterload_copy  mc_w.l(handlers.o)
    0x08002dca   0x08002dca   0x00000002   Code   RO         4089    i.__scatterload_null  mc_w.l(handlers.o)
    0x08002dcc   0x08002dcc   0x0000000e   Code   RO         4090    i.__scatterload_zeroinit  mc_w.l(handlers.o)
    0x08002dda   0x08002dda   0x00000002   PAD
    0x08002ddc   0x08002ddc   0x00000184   Code   RO         3983    i._fp_digits        mc_w.l(printfa.o)
    0x08002f60   0x08002f60   0x000006dc   Code   RO         3984    i._printf_core      mc_w.l(printfa.o)
    0x0800363c   0x0800363c   0x00000024   Code   RO         3985    i._printf_post_padding  mc_w.l(printfa.o)
    0x08003660   0x08003660   0x0000002e   Code   RO         3986    i._printf_pre_padding  mc_w.l(printfa.o)
    0x0800368e   0x0800368e   0x0000000a   Code   RO         3988    i._sputc            mc_w.l(printfa.o)
    0x08003698   0x08003698   0x00000050   Code   RO         4004    i.free              mc_w.l(malloc.o)
    0x080036e8   0x080036e8   0x00000088   Code   RO          301    i.main              main.o
    0x08003770   0x08003770   0x0000006c   Code   RO         4005    i.malloc            mc_w.l(malloc.o)
    0x080037dc   0x080037dc   0x0000000c   Code   RO          160    i.ssd1306_I2C_Init  ssd1306.o
    0x080037e8   0x080037e8   0x00000020   Code   RO          161    i.ssd1306_I2C_Write  ssd1306.o
    0x08003808   0x08003808   0x00000048   Code   RO          162    i.ssd1306_I2C_WriteMulti  ssd1306.o
    0x08003850   0x08003850   0x0000076c   Data   RO           14    .constdata          fonts.o
    0x08003fbc   0x08003fbc   0x00000d5c   Data   RO           15    .constdata          fonts.o
    0x08004d18   0x08004d18   0x00000010   Data   RO         3701    .constdata          system_stm32f1xx.o
    0x08004d28   0x08004d28   0x00000008   Data   RO         3702    .constdata          system_stm32f1xx.o
    0x08004d30   0x08004d30   0x00000020   Data   RO         4086    Region$$Table       anon$$obj.o


    Execution Region RW_IRAM1 (Exec base: 0x20000000, Load base: 0x08004d50, Size: 0x00000bc8, Max: 0x00005000, ABSOLUTE)

    Exec Addr    Load Addr    Size         Type   Attr      Idx    E Section Name        Object

    0x20000000   0x08004d50   0x00000008   Data   RW           17    .data               fonts.o
    0x20000008   0x08004d58   0x00000008   Data   RW           18    .data               fonts.o
    0x20000010   0x08004d60   0x00000006   Data   RW          164    .data               ssd1306.o
    0x20000016   0x08004d66   0x00000002   PAD
    0x20000018   0x08004d68   0x00000036   Data   RW          304    .data               main.o
    0x2000004e   0x08004d9e   0x00000002   PAD
    0x20000050   0x08004da0   0x0000000c   Data   RW         2831    .data               stm32f1xx_hal.o
    0x2000005c   0x08004dac   0x00000004   Data   RW         3703    .data               system_stm32f1xx.o
    0x20000060   0x08004db0   0x00000004   Data   RW         4061    .data               mc_w.l(mvars.o)
    0x20000064   0x08004db4   0x00000004   Data   RW         4062    .data               mc_w.l(mvars.o)
    0x20000068        -       0x00000400   Zero   RW          163    .bss                ssd1306.o
    0x20000468        -       0x0000015c   Zero   RW          302    .bss                main.o
    0x200005c4   0x08004db8   0x00000004   PAD
    0x200005c8        -       0x00000200   Zero   RW            2    HEAP                startup_stm32f103xb.o
    0x200007c8        -       0x00000400   Zero   RW            1    STACK               startup_stm32f103xb.o


==============================================================================

Image component sizes


      Code (inc. data)   RO Data    RW Data    ZI Data      Debug   Object Name

         0          0       5320         16          0     459227   fonts.o
      1488        192          0         54        348       6486   main.o
       836         50          0          6       1024       7980   ssd1306.o
        36          8        236          0       1536        800   startup_stm32f103xb.o
       128         24          0         12          0       5285   stm32f1xx_hal.o
       612         24          0          0          0       3280   stm32f1xx_hal_adc.o
       194         14          0          0          0      25739   stm32f1xx_hal_cortex.o
       152          4          0          0          0       1095   stm32f1xx_hal_dma.o
       488         42          0          0          0       4086   stm32f1xx_hal_gpio.o
      1560         40          0          0          0      10145   stm32f1xx_hal_i2c.o
       536         64          0          0          0       4134   stm32f1xx_hal_msp.o
      1308         98          0          0          0       5208   stm32f1xx_hal_rcc.o
       236         12          0          0          0       1384   stm32f1xx_hal_rcc_ex.o
       130          0          0          0          0       1063   stm32f1xx_hal_spi_ex.o
       942         14          0          0          0       9974   stm32f1xx_hal_tim.o
        84          0          0          0          0       2318   stm32f1xx_hal_tim_ex.o
      1036         10          0          0          0       7019   stm32f1xx_hal_uart.o
        98         12          0          0          0       5107   stm32f1xx_it.o
        72         16         24          4          0       1151   system_stm32f1xx.o

    ----------------------------------------------------------------------
      9960        624       5612         96       2912     561481   Object Totals
         0          0         32          0          0          0   (incl. Generated)
        24          0          0          4          4          0   (incl. Padding)

    ----------------------------------------------------------------------

      Code (inc. data)   RO Data    RW Data    ZI Data      Debug   Library Member Name

         0          0          0          0          0          0   entry.o
         0          0          0          0          0          0   entry10a.o
         0          0          0          0          0          0   entry11a.o
         8          4          0          0          0          0   entry2.o
         4          0          0          0          0          0   entry5.o
         0          0          0          0          0          0   entry7b.o
         0          0          0          0          0          0   entry8b.o
         8          4          0          0          0          0   entry9a.o
        30          0          0          0          0          0   handlers.o
        36          8          0          0          0         68   init.o
         0          0          0          0          0          0   iusefp.o
        30          0          0          0          0         68   llshl.o
        36          0          0          0          0         68   llsshr.o
        32          0          0          0          0         68   llushr.o
       188         20          0          0          0        160   malloc.o
        36          0          0          0          0        108   memseta.o
         0          0          0          8          0          0   mvars.o
      2276         86          0          0          0        520   printfa.o
        44          0          0          0          0         80   uidiv.o
        98          0          0          0          0         92   uldiv.o
        48          0          0          0          0         68   cdrcmple.o
       334          0          0          0          0        148   dadd.o
       222          0          0          0          0        100   ddiv.o
       186          0          0          0          0        176   depilogue.o
        48          0          0          0          0         68   dfixul.o
       228          0          0          0          0         96   dmul.o
        38          0          0          0          0         68   f2d.o
       176          0          0          0          0        140   fadd.o
       110          0          0          0          0        168   fepilogue.o

    ----------------------------------------------------------------------
      4220        122          0          8          0       2264   Library Totals
         4          0          0          0          0          0   (incl. Padding)

    ----------------------------------------------------------------------

      Code (inc. data)   RO Data    RW Data    ZI Data      Debug   Library Name

      2826        122          0          8          0       1232   mc_w.l
      1390          0          0          0          0       1032   mf_w.l

    ----------------------------------------------------------------------
      4220        122          0          8          0       2264   Library Totals

    ----------------------------------------------------------------------

==============================================================================


      Code (inc. data)   RO Data    RW Data    ZI Data      Debug   

     14180        746       5612        104       2912     557917   Grand Totals
     14180        746       5612        104       2912     557917   ELF Image Totals
     14180        746       5612        104          0          0   ROM Totals

==============================================================================

    Total RO  Size (Code + RO Data)                19792 (  19.33kB)
    Total RW  Size (RW Data + ZI Data)              3016 (   2.95kB)
    Total ROM Size (Code + RO Data + RW Data)      19896 (  19.43kB)

==============================================================================

